Archive member included to satisfy reference by file (symbol)

d:/st/stm32cubeide_1.7.0/stm32cubeide/plugins/com.st.stm32cube.ide.mcu.externaltools.gnu-tools-for-stm32.9-2020-q2-update.win32_2.0.0.202105311346/tools/bin/../lib/gcc/arm-none-eabi/9.3.1/../../../../arm-none-eabi/lib/thumb/v7e-m+fp/hard\libc_nano.a(lib_a-assert.o)
                              ./Core/Src/sht3x.o (__assert_func)
d:/st/stm32cubeide_1.7.0/stm32cubeide/plugins/com.st.stm32cube.ide.mcu.externaltools.gnu-tools-for-stm32.9-2020-q2-update.win32_2.0.0.202105311346/tools/bin/../lib/gcc/arm-none-eabi/9.3.1/../../../../arm-none-eabi/lib/thumb/v7e-m+fp/hard\libc_nano.a(lib_a-errno.o)
                              ./Core/Src/syscalls.o (__errno)
d:/st/stm32cubeide_1.7.0/stm32cubeide/plugins/com.st.stm32cube.ide.mcu.externaltools.gnu-tools-for-stm32.9-2020-q2-update.win32_2.0.0.202105311346/tools/bin/../lib/gcc/arm-none-eabi/9.3.1/../../../../arm-none-eabi/lib/thumb/v7e-m+fp/hard\libc_nano.a(lib_a-exit.o)
                              d:/st/stm32cubeide_1.7.0/stm32cubeide/plugins/com.st.stm32cube.ide.mcu.externaltools.gnu-tools-for-stm32.9-2020-q2-update.win32_2.0.0.202105311346/tools/bin/../lib/gcc/arm-none-eabi/9.3.1/../../../../arm-none-eabi/lib/thumb/v7e-m+fp/hard/crt0.o (exit)
d:/st/stm32cubeide_1.7.0/stm32cubeide/plugins/com.st.stm32cube.ide.mcu.externaltools.gnu-tools-for-stm32.9-2020-q2-update.win32_2.0.0.202105311346/tools/bin/../lib/gcc/arm-none-eabi/9.3.1/../../../../arm-none-eabi/lib/thumb/v7e-m+fp/hard\libc_nano.a(lib_a-findfp.o)
                              ./Middlewares/Third_Party/FreeRTOS/Source/tasks.o (__sf_fake_stderr)
d:/st/stm32cubeide_1.7.0/stm32cubeide/plugins/com.st.stm32cube.ide.mcu.externaltools.gnu-tools-for-stm32.9-2020-q2-update.win32_2.0.0.202105311346/tools/bin/../lib/gcc/arm-none-eabi/9.3.1/../../../../arm-none-eabi/lib/thumb/v7e-m+fp/hard\libc_nano.a(lib_a-fprintf.o)
                              d:/st/stm32cubeide_1.7.0/stm32cubeide/plugins/com.st.stm32cube.ide.mcu.externaltools.gnu-tools-for-stm32.9-2020-q2-update.win32_2.0.0.202105311346/tools/bin/../lib/gcc/arm-none-eabi/9.3.1/../../../../arm-none-eabi/lib/thumb/v7e-m+fp/hard\libc_nano.a(lib_a-assert.o) (fiprintf)
d:/st/stm32cubeide_1.7.0/stm32cubeide/plugins/com.st.stm32cube.ide.mcu.externaltools.gnu-tools-for-stm32.9-2020-q2-update.win32_2.0.0.202105311346/tools/bin/../lib/gcc/arm-none-eabi/9.3.1/../../../../arm-none-eabi/lib/thumb/v7e-m+fp/hard\libc_nano.a(lib_a-fwalk.o)
                              d:/st/stm32cubeide_1.7.0/stm32cubeide/plugins/com.st.stm32cube.ide.mcu.externaltools.gnu-tools-for-stm32.9-2020-q2-update.win32_2.0.0.202105311346/tools/bin/../lib/gcc/arm-none-eabi/9.3.1/../../../../arm-none-eabi/lib/thumb/v7e-m+fp/hard\libc_nano.a(lib_a-findfp.o) (_fwalk)
d:/st/stm32cubeide_1.7.0/stm32cubeide/plugins/com.st.stm32cube.ide.mcu.externaltools.gnu-tools-for-stm32.9-2020-q2-update.win32_2.0.0.202105311346/tools/bin/../lib/gcc/arm-none-eabi/9.3.1/../../../../arm-none-eabi/lib/thumb/v7e-m+fp/hard\libc_nano.a(lib_a-impure.o)
                              d:/st/stm32cubeide_1.7.0/stm32cubeide/plugins/com.st.stm32cube.ide.mcu.externaltools.gnu-tools-for-stm32.9-2020-q2-update.win32_2.0.0.202105311346/tools/bin/../lib/gcc/arm-none-eabi/9.3.1/../../../../arm-none-eabi/lib/thumb/v7e-m+fp/hard\libc_nano.a(lib_a-exit.o) (_global_impure_ptr)
d:/st/stm32cubeide_1.7.0/stm32cubeide/plugins/com.st.stm32cube.ide.mcu.externaltools.gnu-tools-for-stm32.9-2020-q2-update.win32_2.0.0.202105311346/tools/bin/../lib/gcc/arm-none-eabi/9.3.1/../../../../arm-none-eabi/lib/thumb/v7e-m+fp/hard\libc_nano.a(lib_a-init.o)
                              d:/st/stm32cubeide_1.7.0/stm32cubeide/plugins/com.st.stm32cube.ide.mcu.externaltools.gnu-tools-for-stm32.9-2020-q2-update.win32_2.0.0.202105311346/tools/bin/../lib/gcc/arm-none-eabi/9.3.1/../../../../arm-none-eabi/lib/thumb/v7e-m+fp/hard/crt0.o (__libc_init_array)
d:/st/stm32cubeide_1.7.0/stm32cubeide/plugins/com.st.stm32cube.ide.mcu.externaltools.gnu-tools-for-stm32.9-2020-q2-update.win32_2.0.0.202105311346/tools/bin/../lib/gcc/arm-none-eabi/9.3.1/../../../../arm-none-eabi/lib/thumb/v7e-m+fp/hard\libc_nano.a(lib_a-lock.o)
                              d:/st/stm32cubeide_1.7.0/stm32cubeide/plugins/com.st.stm32cube.ide.mcu.externaltools.gnu-tools-for-stm32.9-2020-q2-update.win32_2.0.0.202105311346/tools/bin/../lib/gcc/arm-none-eabi/9.3.1/../../../../arm-none-eabi/lib/thumb/v7e-m+fp/hard\libc_nano.a(lib_a-findfp.o) (__retarget_lock_init_recursive)
d:/st/stm32cubeide_1.7.0/stm32cubeide/plugins/com.st.stm32cube.ide.mcu.externaltools.gnu-tools-for-stm32.9-2020-q2-update.win32_2.0.0.202105311346/tools/bin/../lib/gcc/arm-none-eabi/9.3.1/../../../../arm-none-eabi/lib/thumb/v7e-m+fp/hard\libc_nano.a(lib_a-memcpy-stub.o)
                              ./Core/Src/ssd1306.o (memcpy)
[...]
Memory Configuration

Name             Origin             Length             Attributes
RAM              0x0000000020000000 0x000000000000c000 xrw
RAM2             0x0000000010000000 0x0000000000004000 xrw
FLASH            0x0000000008000000 0x0000000000040000 xr
*default*        0x0000000000000000 0xffffffffffffffff

Linker script and memory map

LOAD d:/st/stm32cubeide_1.7.0/stm32cubeide/plugins/com.st.stm32cube.ide.mcu.externaltools.gnu-tools-for-stm32.9-2020-q2-update.win32_2.0.0.202105311346/tools/bin/../lib/gcc/arm-none-eabi/9.3.1/thumb/v7e-m+fp/hard/crti.o
LOAD d:/st/stm32cubeide_1.7.0/stm32cubeide/plugins/com.st.stm32cube.ide.mcu.externaltools.gnu-tools-for-stm32.9-2020-q2-update.win32_2.0.0.202105311346/tools/bin/../lib/gcc/arm-none-eabi/9.3.1/thumb/v7e-m+fp/hard/crtbegin.o
LOAD d:/st/stm32cubeide_1.7.0/stm32cubeide/plugins/com.st.stm32cube.ide.mcu.externaltools.gnu-tools-for-stm32.9-2020-q2-update.win32_2.0.0.202105311346/tools/bin/../lib/gcc/arm-none-eabi/9.3.1/../../../../arm-none-eabi/lib/thumb/v7e-m+fp/hard/crt0.o
LOAD ./Core/Src/freertos.o
LOAD ./Core/Src/gpio.o
LOAD ./Core/Src/i2c.o
LOAD ./Core/Src/main.o
LOAD ./Core/Src/sht3x.o
LOAD ./Core/Src/spi.o
LOAD ./Core/Src/ssd1306.o
LOAD ./Core/Src/ssd1306_fonts.o
LOAD ./Core/Src/ssd1306_tests.o
LOAD ./Core/Src/stm32l4xx_hal_msp.o
LOAD ./Core/Src/stm32l4xx_hal_timebase_tim.o
LOAD ./Core/Src/stm32l4xx_it.o
LOAD ./Core/Src/syscalls.o
LOAD ./Core/Src/sysmem.o
LOAD ./Core/Src/system_stm32l4xx.o
LOAD ./Core/Src/usart.o
LOAD ./Core/Startup/startup_stm32l432kcux.o
LOAD ./Drivers/STM32L4xx_HAL_Driver/Src/stm32l4xx_hal.o
LOAD ./Drivers/STM32L4xx_HAL_Driver/Src/stm32l4xx_hal_cortex.o
LOAD ./Drivers/STM32L4xx_HAL_Driver/Src/stm32l4xx_hal_dma.o
LOAD ./Drivers/STM32L4xx_HAL_Driver/Src/stm32l4xx_hal_dma_ex.o
LOAD ./Drivers/STM32L4xx_HAL_Driver/Src/stm32l4xx_hal_exti.o
LOAD ./Drivers/STM32L4xx_HAL_Driver/Src/stm32l4xx_hal_flash.o
LOAD ./Drivers/STM32L4xx_HAL_Driver/Src/stm32l4xx_hal_flash_ex.o
LOAD ./Drivers/STM32L4xx_HAL_Driver/Src/stm32l4xx_hal_flash_ramfunc.o
LOAD ./Drivers/STM32L4xx_HAL_Driver/Src/stm32l4xx_hal_gpio.o
LOAD ./Drivers/STM32L4xx_HAL_Driver/Src/stm32l4xx_hal_i2c.o
LOAD ./Drivers/STM32L4xx_HAL_Driver/Src/stm32l4xx_hal_i2c_ex.o
LOAD ./Drivers/STM32L4xx_HAL_Driver/Src/stm32l4xx_hal_pwr.o
LOAD ./Drivers/STM32L4xx_HAL_Driver/Src/stm32l4xx_hal_pwr_ex.o
LOAD ./Drivers/STM32L4xx_HAL_Driver/Src/stm32l4xx_hal_rcc.o
LOAD ./Drivers/STM32L4xx_HAL_Driver/Src/stm32l4xx_hal_rcc_ex.o
LOAD ./Drivers/STM32L4xx_HAL_Driver/Src/stm32l4xx_hal_spi.o
LOAD ./Drivers/STM32L4xx_HAL_Driver/Src/stm32l4xx_hal_spi_ex.o
LOAD ./Drivers/STM32L4xx_HAL_Driver/Src/stm32l4xx_hal_tim.o
LOAD ./Drivers/STM32L4xx_HAL_Driver/Src/stm32l4xx_hal_tim_ex.o
LOAD ./Drivers/STM32L4xx_HAL_Driver/Src/stm32l4xx_hal_uart.o
LOAD ./Drivers/STM32L4xx_HAL_Driver/Src/stm32l4xx_hal_uart_ex.o
LOAD ./FATFS/App/fatfs.o
LOAD ./FATFS/Target/user_diskio.o
LOAD ./FATFS/Target/user_diskio_spi.o
LOAD ./Middlewares/Third_Party/FatFs/src/diskio.o
LOAD ./Middlewares/Third_Party/FatFs/src/ff.o
LOAD ./Middlewares/Third_Party/FatFs/src/ff_gen_drv.o
LOAD ./Middlewares/Third_Party/FatFs/src/option/syscall.o
LOAD ./Middlewares/Third_Party/FreeRTOS/Source/CMSIS_RTOS/cmsis_os.o
LOAD ./Middlewares/Third_Party/FreeRTOS/Source/croutine.o
LOAD ./Middlewares/Third_Party/FreeRTOS/Source/event_groups.o
LOAD ./Middlewares/Third_Party/FreeRTOS/Source/list.o
LOAD ./Middlewares/Third_Party/FreeRTOS/Source/queue.o
LOAD ./Middlewares/Third_Party/FreeRTOS/Source/stream_buffer.o
LOAD ./Middlewares/Third_Party/FreeRTOS/Source/tasks.o
LOAD ./Middlewares/Third_Party/FreeRTOS/Source/timers.o
LOAD ./Middlewares/Third_Party/FreeRTOS/Source/portable/GCC/ARM_CM4F/port.o
LOAD ./Middlewares/Third_Party/FreeRTOS/Source/portable/MemMang/heap_4.o
START GROUP
LOAD d:/st/stm32cubeide_1.7.0/stm32cubeide/plugins/com.st.stm32cube.ide.mcu.externaltools.gnu-tools-for-stm32.9-2020-q2-update.win32_2.0.0.202105311346/tools/bin/../lib/gcc/arm-none-eabi/9.3.1/../../../../arm-none-eabi/lib/thumb/v7e-m+fp/hard\libc_nano.a
LOAD d:/st/stm32cubeide_1.7.0/stm32cubeide/plugins/com.st.stm32cube.ide.mcu.externaltools.gnu-tools-for-stm32.9-2020-q2-update.win32_2.0.0.202105311346/tools/bin/../lib/gcc/arm-none-eabi/9.3.1/../../../../arm-none-eabi/lib/thumb/v7e-m+fp/hard\libm.a
END GROUP
START GROUP
LOAD d:/st/stm32cubeide_1.7.0/stm32cubeide/plugins/com.st.stm32cube.ide.mcu.externaltools.gnu-tools-for-stm32.9-2020-q2-update.win32_2.0.0.202105311346/tools/bin/../lib/gcc/arm-none-eabi/9.3.1/thumb/v7e-m+fp/hard\libgcc.a
LOAD d:/st/stm32cubeide_1.7.0/stm32cubeide/plugins/com.st.stm32cube.ide.mcu.externaltools.gnu-tools-for-stm32.9-2020-q2-update.win32_2.0.0.202105311346/tools/bin/../lib/gcc/arm-none-eabi/9.3.1/../../../../arm-none-eabi/lib/thumb/v7e-m+fp/hard\libc_nano.a
END GROUP
START GROUP
LOAD d:/st/stm32cubeide_1.7.0/stm32cubeide/plugins/com.st.stm32cube.ide.mcu.externaltools.gnu-tools-for-stm32.9-2020-q2-update.win32_2.0.0.202105311346/tools/bin/../lib/gcc/arm-none-eabi/9.3.1/thumb/v7e-m+fp/hard\libgcc.a
LOAD d:/st/stm32cubeide_1.7.0/stm32cubeide/plugins/com.st.stm32cube.ide.mcu.externaltools.gnu-tools-for-stm32.9-2020-q2-update.win32_2.0.0.202105311346/tools/bin/../lib/gcc/arm-none-eabi/9.3.1/../../../../arm-none-eabi/lib/thumb/v7e-m+fp/hard\libc_nano.a
LOAD d:/st/stm32cubeide_1.7.0/stm32cubeide/plugins/com.st.stm32cube.ide.mcu.externaltools.gnu-tools-for-stm32.9-2020-q2-update.win32_2.0.0.202105311346/tools/bin/../lib/gcc/arm-none-eabi/9.3.1/../../../../arm-none-eabi/lib/thumb/v7e-m+fp/hard\libnosys.a
END GROUP
START GROUP
LOAD d:/st/stm32cubeide_1.7.0/stm32cubeide/plugins/com.st.stm32cube.ide.mcu.externaltools.gnu-tools-for-stm32.9-2020-q2-update.win32_2.0.0.202105311346/tools/bin/../lib/gcc/arm-none-eabi/9.3.1/thumb/v7e-m+fp/hard\libgcc.a
LOAD d:/st/stm32cubeide_1.7.0/stm32cubeide/plugins/com.st.stm32cube.ide.mcu.externaltools.gnu-tools-for-stm32.9-2020-q2-update.win32_2.0.0.202105311346/tools/bin/../lib/gcc/arm-none-eabi/9.3.1/../../../../arm-none-eabi/lib/thumb/v7e-m+fp/hard\libc_nano.a
LOAD d:/st/stm32cubeide_1.7.0/stm32cubeide/plugins/com.st.stm32cube.ide.mcu.externaltools.gnu-tools-for-stm32.9-2020-q2-update.win32_2.0.0.202105311346/tools/bin/../lib/gcc/arm-none-eabi/9.3.1/../../../../arm-none-eabi/lib/thumb/v7e-m+fp/hard\libnosys.a
END GROUP
LOAD d:/st/stm32cubeide_1.7.0/stm32cubeide/plugins/com.st.stm32cube.ide.mcu.externaltools.gnu-tools-for-stm32.9-2020-q2-update.win32_2.0.0.202105311346/tools/bin/../lib/gcc/arm-none-eabi/9.3.1/thumb/v7e-m+fp/hard/crtend.o
LOAD d:/st/stm32cubeide_1.7.0/stm32cubeide/plugins/com.st.stm32cube.ide.mcu.externaltools.gnu-tools-for-stm32.9-2020-q2-update.win32_2.0.0.202105311346/tools/bin/../lib/gcc/arm-none-eabi/9.3.1/thumb/v7e-m+fp/hard/crtn.o
                0x000000002000c000                _estack = (ORIGIN (RAM) + LENGTH (RAM))
                0x0000000000000200                _Min_Heap_Size = 0x200
                0x0000000000000400                _Min_Stack_Size = 0x400

.isr_vector     0x0000000008000000      0x18c
                0x0000000008000000                . = ALIGN (0x4)
 *(.isr_vector)
 .isr_vector    0x0000000008000000      0x18c ./Core/Startup/startup_stm32l432kcux.o
                0x0000000008000000                g_pfnVectors
                0x000000000800018c                . = ALIGN (0x4)

.text           0x0000000008000190     0xeee8
                0x0000000008000190                . = ALIGN (0x4)
 *(.text)
 .text          0x0000000008000190       0x40 d:/st/stm32cubeide_1.7.0/stm32cubeide/plugins/com.st.stm32cube.ide.mcu.externaltools.gnu-tools-for-stm32.9-2020-q2-update.win32_2.0.0.202105311346/tools/bin/../lib/gcc/arm-none-eabi/9.3.1/thumb/v7e-m+fp/hard/crtbegin.o
 .text          0x00000000080001d0       0x10 d:/st/stm32cubeide_1.7.0/stm32cubeide/plugins/com.st.stm32cube.ide.mcu.externaltools.gnu-tools-for-stm32.9-2020-q2-update.win32_2.0.0.202105311346/tools/bin/../lib/gcc/arm-none-eabi/9.3.1/../../../../arm-none-eabi/lib/thumb/v7e-m+fp/hard\libc_nano.a(lib_a-strlen.o)
                0x00000000080001d0                strlen
 .text          0x00000000080001e0       0xa0 d:/st/stm32cubeide_1.7.0/stm32cubeide/plugins/com.st.stm32cube.ide.mcu.externaltools.gnu-tools-for-stm32.9-2020-q2-update.win32_2.0.0.202105311346/tools/bin/../lib/gcc/arm-none-eabi/9.3.1/../../../../arm-none-eabi/lib/thumb/v7e-m+fp/hard\libc_nano.a(lib_a-memchr.o)
                0x00000000080001e0                memchr
 .text          0x0000000008000280      0x378 d:/st/stm32cubeide_1.7.0/stm32cubeide/plugins/com.st.stm32cube.ide.mcu.externaltools.gnu-tools-for-stm32.9-2020-q2-update.win32_2.0.0.202105311346/tools/bin/../lib/gcc/arm-none-eabi/9.3.1/thumb/v7e-m+fp/hard\libgcc.a(_arm_addsubdf3.o)
                0x0000000008000280                __aeabi_drsub
                0x0000000008000288                __aeabi_dsub
                0x0000000008000288                __subdf3
                0x000000000800028c                __aeabi_dadd
                0x000000000800028c                __adddf3
                0x0000000008000504                __floatunsidf
                0x0000000008000504                __aeabi_ui2d
                0x0000000008000524                __floatsidf
                0x0000000008000524                __aeabi_i2d
                0x0000000008000548                __aeabi_f2d
                0x0000000008000548                __extendsfdf2
                0x000000000800058c                __floatundidf
                0x000000000800058c                __aeabi_ul2d
                0x000000000800059c                __floatdidf
                0x000000000800059c                __aeabi_l2d
 .text          0x00000000080005f8      0x424 d:/st/stm32cubeide_1.7.0/stm32cubeide/plugins/com.st.stm32cube.ide.mcu.externaltools.gnu-tools-for-stm32.9-2020-q2-update.win32_2.0.0.202105311346/tools/bin/../lib/gcc/arm-none-eabi/9.3.1/thumb/v7e-m+fp/hard\libgcc.a(_arm_muldivdf3.o)
                0x00000000080005f8                __aeabi_dmul
                0x00000000080005f8                __muldf3
                0x000000000800084c                __divdf3
                0x000000000800084c                __aeabi_ddiv
 .text          0x0000000008000a1c      0x110 d:/st/stm32cubeide_1.7.0/stm32cubeide/plugins/com.st.stm32cube.ide.mcu.externaltools.gnu-tools-for-stm32.9-2020-q2-update.win32_2.0.0.202105311346/tools/bin/../lib/gcc/arm-none-eabi/9.3.1/thumb/v7e-m+fp/hard\libgcc.a(_arm_cmpdf2.o)
                0x0000000008000a1c                __gtdf2
                0x0000000008000a1c                __gedf2
                0x0000000008000a24                __ltdf2
                0x0000000008000a24                __ledf2
                0x0000000008000a2c                __nedf2
                0x0000000008000a2c                __eqdf2
                0x0000000008000a2c                __cmpdf2
                0x0000000008000aa8                __aeabi_cdrcmple
                0x0000000008000ab8                __aeabi_cdcmpeq
                0x0000000008000ab8                __aeabi_cdcmple
                0x0000000008000ac8                __aeabi_dcmpeq
                0x0000000008000adc                __aeabi_dcmplt
                0x0000000008000af0                __aeabi_dcmple
                0x0000000008000b04                __aeabi_dcmpge
                0x0000000008000b18                __aeabi_dcmpgt
 .text          0x0000000008000b2c       0x2c d:/st/stm32cubeide_1.7.0/stm32cubeide/plugins/com.st.stm32cube.ide.mcu.externaltools.gnu-tools-for-stm32.9-2020-q2-update.win32_2.0.0.202105311346/tools/bin/../lib/gcc/arm-none-eabi/9.3.1/thumb/v7e-m+fp/hard\libgcc.a(_arm_unorddf2.o)
                0x0000000008000b2c                __unorddf2
                0x0000000008000b2c                __aeabi_dcmpun
 .text          0x0000000008000b58       0x50 d:/st/stm32cubeide_1.7.0/stm32cubeide/plugins/com.st.stm32cube.ide.mcu.externaltools.gnu-tools-for-stm32.9-2020-q2-update.win32_2.0.0.202105311346/tools/bin/../lib/gcc/arm-none-eabi/9.3.1/thumb/v7e-m+fp/hard\libgcc.a(_arm_fixdfsi.o)
                0x0000000008000b58                __aeabi_d2iz
                0x0000000008000b58                __fixdfsi
 .text          0x0000000008000ba8       0x30 d:/st/stm32cubeide_1.7.0/stm32cubeide/plugins/com.st.stm32cube.ide.mcu.externaltools.gnu-tools-for-stm32.9-2020-q2-update.win32_2.0.0.202105311346/tools/bin/../lib/gcc/arm-none-eabi/9.3.1/thumb/v7e-m+fp/hard\libgcc.a(_aeabi_uldivmod.o)
                0x0000000008000ba8                __aeabi_uldivmod
 .text          0x0000000008000bd8      0x2c4 d:/st/stm32cubeide_1.7.0/stm32cubeide/plugins/com.st.stm32cube.ide.mcu.externaltools.gnu-tools-for-stm32.9-2020-q2-update.win32_2.0.0.202105311346/tools/bin/../lib/gcc/arm-none-eabi/9.3.1/thumb/v7e-m+fp/hard\libgcc.a(_udivmoddi4.o)
                0x0000000008000bd8                __udivmoddi4
 .text          0x0000000008000e9c        0x4 d:/st/stm32cubeide_1.7.0/stm32cubeide/plugins/com.st.stm32cube.ide.mcu.externaltools.gnu-tools-for-stm32.9-2020-q2-update.win32_2.0.0.202105311346/tools/bin/../lib/gcc/arm-none-eabi/9.3.1/thumb/v7e-m+fp/hard\libgcc.a(_dvmd_tls.o)
                0x0000000008000e9c                __aeabi_idiv0
                0x0000000008000e9c                __aeabi_ldiv0
 *(.text*)
 .text.vApplicationStackOverflowHook
                0x0000000008000ea0       0x50 ./Core/Src/freertos.o
                0x0000000008000ea0                vApplicationStackOverflowHook
 .text.myprintf
                0x0000000008000ef0       0x4c ./Core/Src/freertos.o
                0x0000000008000ef0                myprintf
 .text.GetSdProperties
                0x0000000008000f3c       0xb4 ./Core/Src/freertos.o
                0x0000000008000f3c                GetSdProperties
 .text.CreateSDCardLogFile
                0x0000000008000ff0       0xa0 ./Core/Src/freertos.o
                0x0000000008000ff0                CreateSDCardLogFile
 .text.UpdateLogFile
                0x0000000008001090      0x130 ./Core/Src/freertos.o
                0x0000000008001090                UpdateLogFile
 .text.vApplicationGetIdleTaskMemory
                0x00000000080011c0       0x34 ./Core/Src/freertos.o
                0x00000000080011c0                vApplicationGetIdleTaskMemory
 .text.MX_FREERTOS_Init
                0x00000000080011f4      0x100 ./Core/Src/freertos.o
                0x00000000080011f4                MX_FREERTOS_Init
 .text.InitDevices_task
                0x00000000080012f4       0x84 ./Core/Src/freertos.o
                0x00000000080012f4                InitDevices_task
 .text.ReadSHT_task
                0x0000000008001378       0x44 ./Core/Src/freertos.o
                0x0000000008001378                ReadSHT_task
 .text.DisplayData_task
                0x00000000080013bc       0xe8 ./Core/Src/freertos.o
                0x00000000080013bc                DisplayData_task
 .text.StoreSD_task
                0x00000000080014a4       0x16 ./Core/Src/freertos.o
                0x00000000080014a4                StoreSD_task
 *fill*         0x00000000080014ba        0x2 
 .text.MX_GPIO_Init
                0x00000000080014bc       0xc0 ./Core/Src/gpio.o
                0x00000000080014bc                MX_GPIO_Init
 .text.MX_I2C1_Init
                0x000000000800157c       0x88 ./Core/Src/i2c.o
                0x000000000800157c                MX_I2C1_Init
 .text.HAL_I2C_MspInit
                0x0000000008001604       0xb0 ./Core/Src/i2c.o
                0x0000000008001604                HAL_I2C_MspInit
 .text.main     0x00000000080016b4       0x2a ./Core/Src/main.o
                0x00000000080016b4                main
 *fill*         0x00000000080016de        0x2 
 .text.SystemClock_Config
                0x00000000080016e0       0xc4 ./Core/Src/main.o
                0x00000000080016e0                SystemClock_Config
 .text.HAL_TIM_PeriodElapsedCallback
                0x00000000080017a4       0x24 ./Core/Src/main.o
                0x00000000080017a4                HAL_TIM_PeriodElapsedCallback
 .text.Error_Handler
                0x00000000080017c8        0xa ./Core/Src/main.o
                0x00000000080017c8                Error_Handler
 .text.calculate_crc
                0x00000000080017d2       0x6c ./Core/Src/sht3x.o
 .text.sht3x_send_command
                0x000000000800183e       0x4a ./Core/Src/sht3x.o
 .text.uint8_to_uint16
                0x0000000008001888       0x2c ./Core/Src/sht3x.o
 .text.sht3x_init
                0x00000000080018b4       0x80 ./Core/Src/sht3x.o
                0x00000000080018b4                sht3x_init
 .text.sht3x_read_temperature_and_humidity
                0x0000000008001934       0xfc ./Core/Src/sht3x.o
                0x0000000008001934                sht3x_read_temperature_and_humidity
 .text.MX_SPI1_Init
                0x0000000008001a30       0x7c ./Core/Src/spi.o
                0x0000000008001a30                MX_SPI1_Init
 .text.HAL_SPI_MspInit
                0x0000000008001aac       0x88 ./Core/Src/spi.o
                0x0000000008001aac                HAL_SPI_MspInit
 .text.ssd1306_Reset
                0x0000000008001b34        0xe ./Core/Src/ssd1306.o
                0x0000000008001b34                ssd1306_Reset
 *fill*         0x0000000008001b42        0x2 
 .text.ssd1306_WriteCommand
                0x0000000008001b44       0x30 ./Core/Src/ssd1306.o
                0x0000000008001b44                ssd1306_WriteCommand
 .text.ssd1306_WriteData
                0x0000000008001b74       0x34 ./Core/Src/ssd1306.o
                0x0000000008001b74                ssd1306_WriteData
 .text.ssd1306_Init
                0x0000000008001ba8       0xd4 ./Core/Src/ssd1306.o
                0x0000000008001ba8                ssd1306_Init
 .text.ssd1306_Fill
                0x0000000008001c7c       0x44 ./Core/Src/ssd1306.o
                0x0000000008001c7c                ssd1306_Fill
 .text.ssd1306_UpdateScreen
                0x0000000008001cc0       0x50 ./Core/Src/ssd1306.o
                0x0000000008001cc0                ssd1306_UpdateScreen
 .text.ssd1306_DrawPixel
                0x0000000008001d10       0xa8 ./Core/Src/ssd1306.o
                0x0000000008001d10                ssd1306_DrawPixel
 .text.ssd1306_WriteChar
                0x0000000008001db8      0x110 ./Core/Src/ssd1306.o
                0x0000000008001db8                ssd1306_WriteChar
 .text.ssd1306_WriteString
                0x0000000008001ec8       0x4c ./Core/Src/ssd1306.o
                0x0000000008001ec8                ssd1306_WriteString
 .text.ssd1306_SetCursor
                0x0000000008001f14       0x30 ./Core/Src/ssd1306.o
                0x0000000008001f14                ssd1306_SetCursor
 .text.ssd1306_Line
                0x0000000008001f44       0xd8 ./Core/Src/ssd1306.o
                0x0000000008001f44                ssd1306_Line
 .text.ssd1306_DrawRectangle
                0x000000000800201c       0x6e ./Core/Src/ssd1306.o
                0x000000000800201c                ssd1306_DrawRectangle
 .text.ssd1306_SetContrast
                0x000000000800208a       0x26 ./Core/Src/ssd1306.o
                0x000000000800208a                ssd1306_SetContrast
 .text.ssd1306_SetDisplayOn
                0x00000000080020b0       0x3c ./Core/Src/ssd1306.o
                0x00000000080020b0                ssd1306_SetDisplayOn
 .text.HAL_MspInit
                0x00000000080020ec       0x50 ./Core/Src/stm32l4xx_hal_msp.o
                0x00000000080020ec                HAL_MspInit
 .text.HAL_InitTick
                0x000000000800213c       0xac ./Core/Src/stm32l4xx_hal_timebase_tim.o
                0x000000000800213c                HAL_InitTick
 .text.NMI_Handler
                0x00000000080021e8        0x6 ./Core/Src/stm32l4xx_it.o
                0x00000000080021e8                NMI_Handler
 *fill*         0x00000000080021ee        0x2 
 .text.HardFault_Handler
                0x00000000080021f0       0x48 ./Core/Src/stm32l4xx_it.o
                0x00000000080021f0                HardFault_Handler
 .text.MemManage_Handler
                0x0000000008002238        0x6 ./Core/Src/stm32l4xx_it.o
                0x0000000008002238                MemManage_Handler
 .text.BusFault_Handler
                0x000000000800223e        0x6 ./Core/Src/stm32l4xx_it.o
                0x000000000800223e                BusFault_Handler
 .text.UsageFault_Handler
                0x0000000008002244        0x6 ./Core/Src/stm32l4xx_it.o
                0x0000000008002244                UsageFault_Handler
 .text.DebugMon_Handler
                0x000000000800224a        0xe ./Core/Src/stm32l4xx_it.o
                0x000000000800224a                DebugMon_Handler
 .text.TIM1_UP_TIM16_IRQHandler
                0x0000000008002258       0x14 ./Core/Src/stm32l4xx_it.o
                0x0000000008002258                TIM1_UP_TIM16_IRQHandler
 .text._getpid  0x000000000800226c       0x10 ./Core/Src/syscalls.o
                0x000000000800226c                _getpid
 .text._kill    0x000000000800227c       0x20 ./Core/Src/syscalls.o
                0x000000000800227c                _kill
 .text._exit    0x000000000800229c       0x14 ./Core/Src/syscalls.o
                0x000000000800229c                _exit
 .text._read    0x00000000080022b0       0x3a ./Core/Src/syscalls.o
                0x00000000080022b0                _read
 .text._write   0x00000000080022ea       0x38 ./Core/Src/syscalls.o
                0x00000000080022ea                _write
 .text._close   0x0000000008002322       0x18 ./Core/Src/syscalls.o
                0x0000000008002322                _close
 .text._fstat   0x000000000800233a       0x20 ./Core/Src/syscalls.o
                0x000000000800233a                _fstat
 .text._isatty  0x000000000800235a       0x16 ./Core/Src/syscalls.o
                0x000000000800235a                _isatty
 .text._lseek   0x0000000008002370       0x1a ./Core/Src/syscalls.o
                0x0000000008002370                _lseek
 *fill*         0x000000000800238a        0x2 
 .text._sbrk    0x000000000800238c       0x6c ./Core/Src/sysmem.o
                0x000000000800238c                _sbrk
 .text.SystemInit
                0x00000000080023f8       0x24 ./Core/Src/system_stm32l4xx.o
                0x00000000080023f8                SystemInit
 .text.MX_USART2_UART_Init
                0x000000000800241c       0x60 ./Core/Src/usart.o
                0x000000000800241c                MX_USART2_UART_Init
 .text.HAL_UART_MspInit
                0x000000000800247c       0xd4 ./Core/Src/usart.o
                0x000000000800247c                HAL_UART_MspInit
 .text.Reset_Handler
                0x0000000008002550       0x50 ./Core/Startup/startup_stm32l432kcux.o
                0x0000000008002550                Reset_Handler
 .text.Default_Handler
                0x00000000080025a0        0x2 ./Core/Startup/startup_stm32l432kcux.o
                0x00000000080025a0                RTC_Alarm_IRQHandler
                0x00000000080025a0                EXTI2_IRQHandler
                0x00000000080025a0                TIM1_CC_IRQHandler
                0x00000000080025a0                TSC_IRQHandler
                0x00000000080025a0                TAMP_STAMP_IRQHandler
                0x00000000080025a0                EXTI3_IRQHandler
                0x00000000080025a0                LPTIM2_IRQHandler
                0x00000000080025a0                I2C3_ER_IRQHandler
                0x00000000080025a0                EXTI0_IRQHandler
                0x00000000080025a0                CAN1_RX0_IRQHandler
                0x00000000080025a0                FPU_IRQHandler
                0x00000000080025a0                SPI1_IRQHandler
                0x00000000080025a0                TIM6_DAC_IRQHandler
                0x00000000080025a0                DMA2_Channel2_IRQHandler
                0x00000000080025a0                DMA1_Channel4_IRQHandler
                0x00000000080025a0                ADC1_IRQHandler
                0x00000000080025a0                DMA1_Channel7_IRQHandler
                0x00000000080025a0                CAN1_RX1_IRQHandler
                0x00000000080025a0                DMA2_Channel1_IRQHandler
                0x00000000080025a0                QUADSPI_IRQHandler
                0x00000000080025a0                I2C1_EV_IRQHandler
                0x00000000080025a0                DMA1_Channel6_IRQHandler
                0x00000000080025a0                DMA2_Channel4_IRQHandler
                0x00000000080025a0                RCC_IRQHandler
                0x00000000080025a0                TIM1_TRG_COM_IRQHandler
                0x00000000080025a0                DMA1_Channel1_IRQHandler
                0x00000000080025a0                Default_Handler
                0x00000000080025a0                DMA2_Channel7_IRQHandler
                0x00000000080025a0                EXTI15_10_IRQHandler
                0x00000000080025a0                TIM7_IRQHandler
                0x00000000080025a0                I2C3_EV_IRQHandler
                0x00000000080025a0                USB_IRQHandler
                0x00000000080025a0                EXTI9_5_IRQHandler
                0x00000000080025a0                RTC_WKUP_IRQHandler
                0x00000000080025a0                PVD_PVM_IRQHandler
                0x00000000080025a0                CAN1_TX_IRQHandler
                0x00000000080025a0                DMA2_Channel5_IRQHandler
                0x00000000080025a0                CRS_IRQHandler
                0x00000000080025a0                DMA1_Channel5_IRQHandler
                0x00000000080025a0                EXTI4_IRQHandler
                0x00000000080025a0                RNG_IRQHandler
                0x00000000080025a0                DMA1_Channel3_IRQHandler
                0x00000000080025a0                COMP_IRQHandler
                0x00000000080025a0                WWDG_IRQHandler
                0x00000000080025a0                LPUART1_IRQHandler
                0x00000000080025a0                DMA2_Channel6_IRQHandler
                0x00000000080025a0                TIM2_IRQHandler
                0x00000000080025a0                EXTI1_IRQHandler
                0x00000000080025a0                USART2_IRQHandler
                0x00000000080025a0                DMA1_Channel2_IRQHandler
                0x00000000080025a0                CAN1_SCE_IRQHandler
                0x00000000080025a0                FLASH_IRQHandler
                0x00000000080025a0                USART1_IRQHandler
                0x00000000080025a0                SPI3_IRQHandler
                0x00000000080025a0                I2C1_ER_IRQHandler
                0x00000000080025a0                SWPMI1_IRQHandler
                0x00000000080025a0                LPTIM1_IRQHandler
                0x00000000080025a0                SAI1_IRQHandler
                0x00000000080025a0                DMA2_Channel3_IRQHandler
                0x00000000080025a0                TIM1_BRK_TIM15_IRQHandler
 .text.HAL_Init
                0x00000000080025a2       0x30 ./Drivers/STM32L4xx_HAL_Driver/Src/stm32l4xx_hal.o
                0x00000000080025a2                HAL_Init
 *fill*         0x00000000080025d2        0x2 
 .text.HAL_IncTick
                0x00000000080025d4       0x28 ./Drivers/STM32L4xx_HAL_Driver/Src/stm32l4xx_hal.o
                0x00000000080025d4                HAL_IncTick
 .text.HAL_GetTick
                0x00000000080025fc       0x18 ./Drivers/STM32L4xx_HAL_Driver/Src/stm32l4xx_hal.o
                0x00000000080025fc                HAL_GetTick
 .text.HAL_Delay
                0x0000000008002614       0x48 ./Drivers/STM32L4xx_HAL_Driver/Src/stm32l4xx_hal.o
                0x0000000008002614                HAL_Delay
 .text.__NVIC_SetPriorityGrouping
                0x000000000800265c       0x48 ./Drivers/STM32L4xx_HAL_Driver/Src/stm32l4xx_hal_cortex.o
 .text.__NVIC_GetPriorityGrouping
                0x00000000080026a4       0x1c ./Drivers/STM32L4xx_HAL_Driver/Src/stm32l4xx_hal_cortex.o
 .text.__NVIC_EnableIRQ
                0x00000000080026c0       0x3c ./Drivers/STM32L4xx_HAL_Driver/Src/stm32l4xx_hal_cortex.o
 .text.__NVIC_SetPriority
                0x00000000080026fc       0x54 ./Drivers/STM32L4xx_HAL_Driver/Src/stm32l4xx_hal_cortex.o
 .text.NVIC_EncodePriority
                0x0000000008002750       0x66 ./Drivers/STM32L4xx_HAL_Driver/Src/stm32l4xx_hal_cortex.o
 .text.HAL_NVIC_SetPriorityGrouping
                0x00000000080027b6       0x16 ./Drivers/STM32L4xx_HAL_Driver/Src/stm32l4xx_hal_cortex.o
                0x00000000080027b6                HAL_NVIC_SetPriorityGrouping
 .text.HAL_NVIC_SetPriority
                0x00000000080027cc       0x38 ./Drivers/STM32L4xx_HAL_Driver/Src/stm32l4xx_hal_cortex.o
                0x00000000080027cc                HAL_NVIC_SetPriority
 .text.HAL_NVIC_EnableIRQ
                0x0000000008002804       0x1c ./Drivers/STM32L4xx_HAL_Driver/Src/stm32l4xx_hal_cortex.o
                0x0000000008002804                HAL_NVIC_EnableIRQ
 .text.HAL_GPIO_Init
                0x0000000008002820      0x2d4 ./Drivers/STM32L4xx_HAL_Driver/Src/stm32l4xx_hal_gpio.o
                0x0000000008002820                HAL_GPIO_Init
 .text.HAL_GPIO_WritePin
                0x0000000008002af4       0x30 ./Drivers/STM32L4xx_HAL_Driver/Src/stm32l4xx_hal_gpio.o
                0x0000000008002af4                HAL_GPIO_WritePin
 .text.HAL_I2C_Init
                0x0000000008002b24      0x11e ./Drivers/STM32L4xx_HAL_Driver/Src/stm32l4xx_hal_i2c.o
                0x0000000008002b24                HAL_I2C_Init
 *fill*         0x0000000008002c42        0x2 
 .text.HAL_I2C_Master_Transmit
                0x0000000008002c44      0x1e8 ./Drivers/STM32L4xx_HAL_Driver/Src/stm32l4xx_hal_i2c.o
                0x0000000008002c44                HAL_I2C_Master_Transmit
 .text.HAL_I2C_Master_Receive
                0x0000000008002e2c      0x1ec ./Drivers/STM32L4xx_HAL_Driver/Src/stm32l4xx_hal_i2c.o
                0x0000000008002e2c                HAL_I2C_Master_Receive
 .text.HAL_I2C_Mem_Write
                0x0000000008003018      0x228 ./Drivers/STM32L4xx_HAL_Driver/Src/stm32l4xx_hal_i2c.o
                0x0000000008003018                HAL_I2C_Mem_Write
 .text.HAL_I2C_Mem_Read
                0x0000000008003240      0x234 ./Drivers/STM32L4xx_HAL_Driver/Src/stm32l4xx_hal_i2c.o
                0x0000000008003240                HAL_I2C_Mem_Read
 .text.I2C_RequestMemoryWrite
                0x0000000008003474       0xa8 ./Drivers/STM32L4xx_HAL_Driver/Src/stm32l4xx_hal_i2c.o
 .text.I2C_RequestMemoryRead
                0x000000000800351c       0xa8 ./Drivers/STM32L4xx_HAL_Driver/Src/stm32l4xx_hal_i2c.o
 .text.I2C_Flush_TXDR
                0x00000000080035c4       0x48 ./Drivers/STM32L4xx_HAL_Driver/Src/stm32l4xx_hal_i2c.o
 .text.I2C_WaitOnFlagUntilTimeout
                0x000000000800360c       0x80 ./Drivers/STM32L4xx_HAL_Driver/Src/stm32l4xx_hal_i2c.o
 .text.I2C_WaitOnTXISFlagUntilTimeout
                0x000000000800368c       0x80 ./Drivers/STM32L4xx_HAL_Driver/Src/stm32l4xx_hal_i2c.o
 .text.I2C_WaitOnSTOPFlagUntilTimeout
                0x000000000800370c       0x78 ./Drivers/STM32L4xx_HAL_Driver/Src/stm32l4xx_hal_i2c.o
 .text.I2C_WaitOnRXNEFlagUntilTimeout
                0x0000000008003784       0xf4 ./Drivers/STM32L4xx_HAL_Driver/Src/stm32l4xx_hal_i2c.o
 .text.I2C_IsErrorOccurred
                0x0000000008003878      0x1d8 ./Drivers/STM32L4xx_HAL_Driver/Src/stm32l4xx_hal_i2c.o
 .text.I2C_TransferConfig
                0x0000000008003a50       0x64 ./Drivers/STM32L4xx_HAL_Driver/Src/stm32l4xx_hal_i2c.o
 .text.HAL_I2CEx_ConfigAnalogFilter
                0x0000000008003ab4       0x96 ./Drivers/STM32L4xx_HAL_Driver/Src/stm32l4xx_hal_i2c_ex.o
                0x0000000008003ab4                HAL_I2CEx_ConfigAnalogFilter
 .text.HAL_I2CEx_ConfigDigitalFilter
                0x0000000008003b4a       0x98 ./Drivers/STM32L4xx_HAL_Driver/Src/stm32l4xx_hal_i2c_ex.o
                0x0000000008003b4a                HAL_I2CEx_ConfigDigitalFilter
 *fill*         0x0000000008003be2        0x2 
 .text.HAL_I2CEx_EnableFastModePlus
                0x0000000008003be4       0x40 ./Drivers/STM32L4xx_HAL_Driver/Src/stm32l4xx_hal_i2c_ex.o
                0x0000000008003be4                HAL_I2CEx_EnableFastModePlus
 .text.HAL_PWR_EnableBkUpAccess
                0x0000000008003c24       0x20 ./Drivers/STM32L4xx_HAL_Driver/Src/stm32l4xx_hal_pwr.o
                0x0000000008003c24                HAL_PWR_EnableBkUpAccess
 .text.HAL_PWREx_GetVoltageRange
                0x0000000008003c44       0x1c ./Drivers/STM32L4xx_HAL_Driver/Src/stm32l4xx_hal_pwr_ex.o
                0x0000000008003c44                HAL_PWREx_GetVoltageRange
 .text.HAL_PWREx_ControlVoltageScaling
                0x0000000008003c60       0xac ./Drivers/STM32L4xx_HAL_Driver/Src/stm32l4xx_hal_pwr_ex.o
                0x0000000008003c60                HAL_PWREx_ControlVoltageScaling
 .text.HAL_RCC_OscConfig
                0x0000000008003d0c      0x840 ./Drivers/STM32L4xx_HAL_Driver/Src/stm32l4xx_hal_rcc.o
                0x0000000008003d0c                HAL_RCC_OscConfig
 .text.HAL_RCC_ClockConfig
                0x000000000800454c      0x1c4 ./Drivers/STM32L4xx_HAL_Driver/Src/stm32l4xx_hal_rcc.o
                0x000000000800454c                HAL_RCC_ClockConfig
 .text.HAL_RCC_GetSysClockFreq
                0x0000000008004710      0x118 ./Drivers/STM32L4xx_HAL_Driver/Src/stm32l4xx_hal_rcc.o
                0x0000000008004710                HAL_RCC_GetSysClockFreq
 .text.HAL_RCC_GetHCLKFreq
                0x0000000008004828       0x18 ./Drivers/STM32L4xx_HAL_Driver/Src/stm32l4xx_hal_rcc.o
                0x0000000008004828                HAL_RCC_GetHCLKFreq
 .text.HAL_RCC_GetPCLK1Freq
                0x0000000008004840       0x2c ./Drivers/STM32L4xx_HAL_Driver/Src/stm32l4xx_hal_rcc.o
                0x0000000008004840                HAL_RCC_GetPCLK1Freq
 .text.HAL_RCC_GetPCLK2Freq
                0x000000000800486c       0x2c ./Drivers/STM32L4xx_HAL_Driver/Src/stm32l4xx_hal_rcc.o
                0x000000000800486c                HAL_RCC_GetPCLK2Freq
 .text.HAL_RCC_GetClockConfig
                0x0000000008004898       0x64 ./Drivers/STM32L4xx_HAL_Driver/Src/stm32l4xx_hal_rcc.o
                0x0000000008004898                HAL_RCC_GetClockConfig
 .text.RCC_SetFlashLatencyFromMSIRange
                0x00000000080048fc       0xc0 ./Drivers/STM32L4xx_HAL_Driver/Src/stm32l4xx_hal_rcc.o
 .text.HAL_RCCEx_PeriphCLKConfig
                0x00000000080049bc      0x3e8 ./Drivers/STM32L4xx_HAL_Driver/Src/stm32l4xx_hal_rcc_ex.o
                0x00000000080049bc                HAL_RCCEx_PeriphCLKConfig
 .text.HAL_RCCEx_EnableMSIPLLMode
                0x0000000008004da4       0x20 ./Drivers/STM32L4xx_HAL_Driver/Src/stm32l4xx_hal_rcc_ex.o
                0x0000000008004da4                HAL_RCCEx_EnableMSIPLLMode
 .text.RCCEx_PLLSAI1_Config
                0x0000000008004dc4      0x1e4 ./Drivers/STM32L4xx_HAL_Driver/Src/stm32l4xx_hal_rcc_ex.o
 .text.HAL_SPI_Init
                0x0000000008004fa8      0x146 ./Drivers/STM32L4xx_HAL_Driver/Src/stm32l4xx_hal_spi.o
                0x0000000008004fa8                HAL_SPI_Init
 .text.HAL_SPI_TransmitReceive
                0x00000000080050ee      0x426 ./Drivers/STM32L4xx_HAL_Driver/Src/stm32l4xx_hal_spi.o
                0x00000000080050ee                HAL_SPI_TransmitReceive
 .text.SPI_WaitFlagStateUntilTimeout
                0x0000000008005514      0x110 ./Drivers/STM32L4xx_HAL_Driver/Src/stm32l4xx_hal_spi.o
 .text.SPI_WaitFifoStateUntilTimeout
                0x0000000008005624      0x12c ./Drivers/STM32L4xx_HAL_Driver/Src/stm32l4xx_hal_spi.o
 .text.SPI_EndRxTxTransaction
                0x0000000008005750       0x8c ./Drivers/STM32L4xx_HAL_Driver/Src/stm32l4xx_hal_spi.o
 .text.HAL_TIM_Base_Init
                0x00000000080057dc       0xae ./Drivers/STM32L4xx_HAL_Driver/Src/stm32l4xx_hal_tim.o
                0x00000000080057dc                HAL_TIM_Base_Init
 .text.HAL_TIM_Base_MspInit
                0x000000000800588a       0x14 ./Drivers/STM32L4xx_HAL_Driver/Src/stm32l4xx_hal_tim.o
                0x000000000800588a                HAL_TIM_Base_MspInit
 *fill*         0x000000000800589e        0x2 
 .text.HAL_TIM_Base_Start_IT
                0x00000000080058a0       0xa8 ./Drivers/STM32L4xx_HAL_Driver/Src/stm32l4xx_hal_tim.o
                0x00000000080058a0                HAL_TIM_Base_Start_IT
 .text.HAL_TIM_IRQHandler
                0x0000000008005948      0x23e ./Drivers/STM32L4xx_HAL_Driver/Src/stm32l4xx_hal_tim.o
                0x0000000008005948                HAL_TIM_IRQHandler
 .text.HAL_TIM_OC_DelayElapsedCallback
                0x0000000008005b86       0x14 ./Drivers/STM32L4xx_HAL_Driver/Src/stm32l4xx_hal_tim.o
                0x0000000008005b86                HAL_TIM_OC_DelayElapsedCallback
 .text.HAL_TIM_IC_CaptureCallback
                0x0000000008005b9a       0x14 ./Drivers/STM32L4xx_HAL_Driver/Src/stm32l4xx_hal_tim.o
                0x0000000008005b9a                HAL_TIM_IC_CaptureCallback
 .text.HAL_TIM_PWM_PulseFinishedCallback
                0x0000000008005bae       0x14 ./Drivers/STM32L4xx_HAL_Driver/Src/stm32l4xx_hal_tim.o
                0x0000000008005bae                HAL_TIM_PWM_PulseFinishedCallback
 .text.HAL_TIM_TriggerCallback
                0x0000000008005bc2       0x14 ./Drivers/STM32L4xx_HAL_Driver/Src/stm32l4xx_hal_tim.o
                0x0000000008005bc2                HAL_TIM_TriggerCallback
 *fill*         0x0000000008005bd6        0x2 
 .text.TIM_Base_SetConfig
                0x0000000008005bd8       0xc8 ./Drivers/STM32L4xx_HAL_Driver/Src/stm32l4xx_hal_tim.o
                0x0000000008005bd8                TIM_Base_SetConfig
 .text.HAL_TIMEx_CommutCallback
                0x0000000008005ca0       0x14 ./Drivers/STM32L4xx_HAL_Driver/Src/stm32l4xx_hal_tim_ex.o
                0x0000000008005ca0                HAL_TIMEx_CommutCallback
 .text.HAL_TIMEx_BreakCallback
                0x0000000008005cb4       0x14 ./Drivers/STM32L4xx_HAL_Driver/Src/stm32l4xx_hal_tim_ex.o
                0x0000000008005cb4                HAL_TIMEx_BreakCallback
 .text.HAL_TIMEx_Break2Callback
                0x0000000008005cc8       0x14 ./Drivers/STM32L4xx_HAL_Driver/Src/stm32l4xx_hal_tim_ex.o
                0x0000000008005cc8                HAL_TIMEx_Break2Callback
 .text.HAL_UART_Init
                0x0000000008005cdc       0x9c ./Drivers/STM32L4xx_HAL_Driver/Src/stm32l4xx_hal_uart.o
                0x0000000008005cdc                HAL_UART_Init
 .text.HAL_UART_Transmit
                0x0000000008005d78      0x128 ./Drivers/STM32L4xx_HAL_Driver/Src/stm32l4xx_hal_uart.o
                0x0000000008005d78                HAL_UART_Transmit
 .text.UART_SetConfig
                0x0000000008005ea0      0x414 ./Drivers/STM32L4xx_HAL_Driver/Src/stm32l4xx_hal_uart.o
                0x0000000008005ea0                UART_SetConfig
 .text.UART_AdvFeatureConfig
                0x00000000080062b4      0x144 ./Drivers/STM32L4xx_HAL_Driver/Src/stm32l4xx_hal_uart.o
                0x00000000080062b4                UART_AdvFeatureConfig
 .text.UART_CheckIdleState
                0x00000000080063f8       0x92 ./Drivers/STM32L4xx_HAL_Driver/Src/stm32l4xx_hal_uart.o
                0x00000000080063f8                UART_CheckIdleState
 .text.UART_WaitOnFlagUntilTimeout
                0x000000000800648a      0x188 ./Drivers/STM32L4xx_HAL_Driver/Src/stm32l4xx_hal_uart.o
                0x000000000800648a                UART_WaitOnFlagUntilTimeout
 *fill*         0x0000000008006612        0x2 
 .text.MX_FATFS_Init
                0x0000000008006614       0x24 ./FATFS/App/fatfs.o
                0x0000000008006614                MX_FATFS_Init
 .text.get_fattime
                0x0000000008006638       0x10 ./FATFS/App/fatfs.o
                0x0000000008006638                get_fattime
 .text.USER_initialize
                0x0000000008006648       0x1c ./FATFS/Target/user_diskio.o
                0x0000000008006648                USER_initialize
 .text.USER_status
                0x0000000008006664       0x1c ./FATFS/Target/user_diskio.o
                0x0000000008006664                USER_status
 .text.USER_read
                0x0000000008006680       0x26 ./FATFS/Target/user_diskio.o
                0x0000000008006680                USER_read
 .text.USER_write
                0x00000000080066a6       0x26 ./FATFS/Target/user_diskio.o
                0x00000000080066a6                USER_write
 .text.USER_ioctl
                0x00000000080066cc       0x26 ./FATFS/Target/user_diskio.o
                0x00000000080066cc                USER_ioctl
 *fill*         0x00000000080066f2        0x2 
 .text.SPI_Timer_On
                0x00000000080066f4       0x28 ./FATFS/Target/user_diskio_spi.o
                0x00000000080066f4                SPI_Timer_On
 .text.SPI_Timer_Status
                0x000000000800671c       0x2c ./FATFS/Target/user_diskio_spi.o
                0x000000000800671c                SPI_Timer_Status
 .text.xchg_spi
                0x0000000008006748       0x2c ./FATFS/Target/user_diskio_spi.o
 .text.rcvr_spi_multi
                0x0000000008006774       0x38 ./FATFS/Target/user_diskio_spi.o
 .text.xmit_spi_multi
                0x00000000080067ac       0x36 ./FATFS/Target/user_diskio_spi.o
 .text.wait_ready
                0x00000000080067e2       0x46 ./FATFS/Target/user_diskio_spi.o
 .text.despiselect
                0x0000000008006828       0x1a ./FATFS/Target/user_diskio_spi.o
 .text.spiselect
                0x0000000008006842       0x32 ./FATFS/Target/user_diskio_spi.o
 .text.rcvr_datablock
                0x0000000008006874       0x52 ./FATFS/Target/user_diskio_spi.o
 .text.xmit_datablock
                0x00000000080068c6       0x64 ./FATFS/Target/user_diskio_spi.o
 .text.send_cmd
                0x000000000800692a       0xde ./FATFS/Target/user_diskio_spi.o
 .text.USER_SPI_initialize
                0x0000000008006a08      0x1d8 ./FATFS/Target/user_diskio_spi.o
                0x0000000008006a08                USER_SPI_initialize
 .text.USER_SPI_status
                0x0000000008006be0       0x2c ./FATFS/Target/user_diskio_spi.o
                0x0000000008006be0                USER_SPI_status
 .text.USER_SPI_read
                0x0000000008006c0c       0xcc ./FATFS/Target/user_diskio_spi.o
                0x0000000008006c0c                USER_SPI_read
 .text.USER_SPI_write
                0x0000000008006cd8       0xf8 ./FATFS/Target/user_diskio_spi.o
                0x0000000008006cd8                USER_SPI_write
 .text.USER_SPI_ioctl
                0x0000000008006dd0      0x2e0 ./FATFS/Target/user_diskio_spi.o
                0x0000000008006dd0                USER_SPI_ioctl
 .text.disk_status
                0x00000000080070b0       0x34 ./Middlewares/Third_Party/FatFs/src/diskio.o
                0x00000000080070b0                disk_status
 .text.disk_initialize
                0x00000000080070e4       0x4c ./Middlewares/Third_Party/FatFs/src/diskio.o
                0x00000000080070e4                disk_initialize
 .text.disk_read
                0x0000000008007130       0x40 ./Middlewares/Third_Party/FatFs/src/diskio.o
                0x0000000008007130                disk_read
 .text.disk_write
                0x0000000008007170       0x40 ./Middlewares/Third_Party/FatFs/src/diskio.o
                0x0000000008007170                disk_write
 .text.disk_ioctl
                0x00000000080071b0       0x3c ./Middlewares/Third_Party/FatFs/src/diskio.o
                0x00000000080071b0                disk_ioctl
 .text.ld_word  0x00000000080071ec       0x30 ./Middlewares/Third_Party/FatFs/src/ff.o
 .text.ld_dword
                0x000000000800721c       0x46 ./Middlewares/Third_Party/FatFs/src/ff.o
 .text.st_word  0x0000000008007262       0x36 ./Middlewares/Third_Party/FatFs/src/ff.o
 .text.st_dword
                0x0000000008007298       0x58 ./Middlewares/Third_Party/FatFs/src/ff.o
 .text.mem_cpy  0x00000000080072f0       0x42 ./Middlewares/Third_Party/FatFs/src/ff.o
 .text.mem_set  0x0000000008007332       0x36 ./Middlewares/Third_Party/FatFs/src/ff.o
 .text.mem_cmp  0x0000000008007368       0x4e ./Middlewares/Third_Party/FatFs/src/ff.o
 .text.chk_chr  0x00000000080073b6       0x36 ./Middlewares/Third_Party/FatFs/src/ff.o
 .text.lock_fs  0x00000000080073ec       0x2c ./Middlewares/Third_Party/FatFs/src/ff.o
 .text.unlock_fs
                0x0000000008007418       0x36 ./Middlewares/Third_Party/FatFs/src/ff.o
 *fill*         0x000000000800744e        0x2 
 .text.chk_lock
                0x0000000008007450       0xb8 ./Middlewares/Third_Party/FatFs/src/ff.o
 .text.enq_lock
                0x0000000008007508       0x44 ./Middlewares/Third_Party/FatFs/src/ff.o
 .text.inc_lock
                0x000000000800754c      0x11c ./Middlewares/Third_Party/FatFs/src/ff.o
 .text.dec_lock
                0x0000000008007668       0x78 ./Middlewares/Third_Party/FatFs/src/ff.o
 .text.clear_lock
                0x00000000080076e0       0x48 ./Middlewares/Third_Party/FatFs/src/ff.o
 .text.sync_window
                0x0000000008007728       0x88 ./Middlewares/Third_Party/FatFs/src/ff.o
 .text.move_window
                0x00000000080077b0       0x5a ./Middlewares/Third_Party/FatFs/src/ff.o
 *fill*         0x000000000800780a        0x2 
 .text.sync_fs  0x000000000800780c       0xdc ./Middlewares/Third_Party/FatFs/src/ff.o
 .text.clust2sect
                0x00000000080078e8       0x3e ./Middlewares/Third_Party/FatFs/src/ff.o
 .text.get_fat  0x0000000008007926      0x150 ./Middlewares/Third_Party/FatFs/src/ff.o
 .text.put_fat  0x0000000008007a76      0x1d8 ./Middlewares/Third_Party/FatFs/src/ff.o
 .text.remove_chain
                0x0000000008007c4e       0xca ./Middlewares/Third_Party/FatFs/src/ff.o
 .text.create_chain
                0x0000000008007d18      0x130 ./Middlewares/Third_Party/FatFs/src/ff.o
 .text.clmt_clust
                0x0000000008007e48       0x68 ./Middlewares/Third_Party/FatFs/src/ff.o
 .text.dir_sdi  0x0000000008007eb0       0xf6 ./Middlewares/Third_Party/FatFs/src/ff.o
 .text.dir_next
                0x0000000008007fa6      0x18a ./Middlewares/Third_Party/FatFs/src/ff.o
 .text.dir_alloc
                0x0000000008008130       0x8e ./Middlewares/Third_Party/FatFs/src/ff.o
 .text.ld_clust
                0x00000000080081be       0x3e ./Middlewares/Third_Party/FatFs/src/ff.o
 .text.st_clust
                0x00000000080081fc       0x40 ./Middlewares/Third_Party/FatFs/src/ff.o
 .text.dir_find
                0x000000000800823c       0xaa ./Middlewares/Third_Party/FatFs/src/ff.o
 .text.dir_register
                0x00000000080082e6       0x64 ./Middlewares/Third_Party/FatFs/src/ff.o
 *fill*         0x000000000800834a        0x2 
 .text.create_name
                0x000000000800834c      0x128 ./Middlewares/Third_Party/FatFs/src/ff.o
 .text.follow_path
                0x0000000008008474       0xe2 ./Middlewares/Third_Party/FatFs/src/ff.o
 .text.get_ldnumber
                0x0000000008008556       0x88 ./Middlewares/Third_Party/FatFs/src/ff.o
 *fill*         0x00000000080085de        0x2 
 .text.check_fs
                0x00000000080085e0       0xac ./Middlewares/Third_Party/FatFs/src/ff.o
 .text.find_volume
                0x000000000800868c      0x4a8 ./Middlewares/Third_Party/FatFs/src/ff.o
 .text.validate
                0x0000000008008b34       0x8e ./Middlewares/Third_Party/FatFs/src/ff.o
 *fill*         0x0000000008008bc2        0x2 
 .text.f_mount  0x0000000008008bc4       0xc8 ./Middlewares/Third_Party/FatFs/src/ff.o
                0x0000000008008bc4                f_mount
 .text.f_open   0x0000000008008c8c      0x38a ./Middlewares/Third_Party/FatFs/src/ff.o
                0x0000000008008c8c                f_open
 .text.f_write  0x0000000008009016      0x348 ./Middlewares/Third_Party/FatFs/src/ff.o
                0x0000000008009016                f_write
 .text.f_sync   0x000000000800935e      0x112 ./Middlewares/Third_Party/FatFs/src/ff.o
                0x000000000800935e                f_sync
 .text.f_close  0x0000000008009470       0x5e ./Middlewares/Third_Party/FatFs/src/ff.o
                0x0000000008009470                f_close
 .text.f_getfree
                0x00000000080094ce      0x178 ./Middlewares/Third_Party/FatFs/src/ff.o
                0x00000000080094ce                f_getfree
 *fill*         0x0000000008009646        0x2 
 .text.FATFS_LinkDriverEx
                0x0000000008009648       0x98 ./Middlewares/Third_Party/FatFs/src/ff_gen_drv.o
                0x0000000008009648                FATFS_LinkDriverEx
 .text.FATFS_LinkDriver
                0x00000000080096e0       0x1e ./Middlewares/Third_Party/FatFs/src/ff_gen_drv.o
                0x00000000080096e0                FATFS_LinkDriver
 .text.ff_cre_syncobj
                0x00000000080096fe       0x40 ./Middlewares/Third_Party/FatFs/src/option/syscall.o
                0x00000000080096fe                ff_cre_syncobj
 .text.ff_del_syncobj
                0x000000000800973e       0x18 ./Middlewares/Third_Party/FatFs/src/option/syscall.o
                0x000000000800973e                ff_del_syncobj
 .text.ff_req_grant
                0x0000000008009756       0x2a ./Middlewares/Third_Party/FatFs/src/option/syscall.o
                0x0000000008009756                ff_req_grant
 .text.ff_rel_grant
                0x0000000008009780       0x16 ./Middlewares/Third_Party/FatFs/src/option/syscall.o
                0x0000000008009780                ff_rel_grant
 .text.makeFreeRtosPriority
                0x0000000008009796       0x30 ./Middlewares/Third_Party/FreeRTOS/Source/CMSIS_RTOS/cmsis_os.o
 .text.inHandlerMode
                0x00000000080097c6       0x24 ./Middlewares/Third_Party/FreeRTOS/Source/CMSIS_RTOS/cmsis_os.o
 .text.osKernelStart
                0x00000000080097ea        0xe ./Middlewares/Third_Party/FreeRTOS/Source/CMSIS_RTOS/cmsis_os.o
                0x00000000080097ea                osKernelStart
 .text.osThreadCreate
                0x00000000080097f8       0x98 ./Middlewares/Third_Party/FreeRTOS/Source/CMSIS_RTOS/cmsis_os.o
                0x00000000080097f8                osThreadCreate
 .text.osThreadTerminate
                0x0000000008009890       0x18 ./Middlewares/Third_Party/FreeRTOS/Source/CMSIS_RTOS/cmsis_os.o
                0x0000000008009890                osThreadTerminate
 .text.osDelay  0x00000000080098a8       0x28 ./Middlewares/Third_Party/FreeRTOS/Source/CMSIS_RTOS/cmsis_os.o
                0x00000000080098a8                osDelay
 .text.osSemaphoreCreate
                0x00000000080098d0       0x64 ./Middlewares/Third_Party/FreeRTOS/Source/CMSIS_RTOS/cmsis_os.o
                0x00000000080098d0                osSemaphoreCreate
 .text.osSemaphoreWait
                0x0000000008009934       0x9c ./Middlewares/Third_Party/FreeRTOS/Source/CMSIS_RTOS/cmsis_os.o
                0x0000000008009934                osSemaphoreWait
 .text.osSemaphoreRelease
                0x00000000080099d0       0x6c ./Middlewares/Third_Party/FreeRTOS/Source/CMSIS_RTOS/cmsis_os.o
                0x00000000080099d0                osSemaphoreRelease
 .text.osSemaphoreDelete
                0x0000000008009a3c       0x26 ./Middlewares/Third_Party/FreeRTOS/Source/CMSIS_RTOS/cmsis_os.o
                0x0000000008009a3c                osSemaphoreDelete
 .text.vListInitialise
                0x0000000008009a62       0x40 ./Middlewares/Third_Party/FreeRTOS/Source/list.o
                0x0000000008009a62                vListInitialise
 .text.vListInitialiseItem
                0x0000000008009aa2       0x1a ./Middlewares/Third_Party/FreeRTOS/Source/list.o
                0x0000000008009aa2                vListInitialiseItem
 .text.vListInsertEnd
                0x0000000008009abc       0x48 ./Middlewares/Third_Party/FreeRTOS/Source/list.o
                0x0000000008009abc                vListInsertEnd
 .text.vListInsert
                0x0000000008009b04       0x72 ./Middlewares/Third_Party/FreeRTOS/Source/list.o
                0x0000000008009b04                vListInsert
 .text.uxListRemove
                0x0000000008009b76       0x54 ./Middlewares/Third_Party/FreeRTOS/Source/list.o
                0x0000000008009b76                uxListRemove
 *fill*         0x0000000008009bca        0x2 
 .text.xQueueGenericReset
                0x0000000008009bcc       0xd0 ./Middlewares/Third_Party/FreeRTOS/Source/queue.o
                0x0000000008009bcc                xQueueGenericReset
 .text.xQueueGenericCreateStatic
                0x0000000008009c9c       0xf0 ./Middlewares/Third_Party/FreeRTOS/Source/queue.o
                0x0000000008009c9c                xQueueGenericCreateStatic
 .text.xQueueGenericCreate
                0x0000000008009d8c       0x74 ./Middlewares/Third_Party/FreeRTOS/Source/queue.o
                0x0000000008009d8c                xQueueGenericCreate
 .text.prvInitialiseNewQueue
                0x0000000008009e00       0x3e ./Middlewares/Third_Party/FreeRTOS/Source/queue.o
 *fill*         0x0000000008009e3e        0x2 
 .text.xQueueGenericSend
                0x0000000008009e40      0x1fc ./Middlewares/Third_Party/FreeRTOS/Source/queue.o
                0x0000000008009e40                xQueueGenericSend
 .text.xQueueGiveFromISR
                0x000000000800a03c      0x11a ./Middlewares/Third_Party/FreeRTOS/Source/queue.o
                0x000000000800a03c                xQueueGiveFromISR
 *fill*         0x000000000800a156        0x2 
 .text.xQueueSemaphoreTake
                0x000000000800a158      0x218 ./Middlewares/Third_Party/FreeRTOS/Source/queue.o
                0x000000000800a158                xQueueSemaphoreTake
 .text.xQueueReceiveFromISR
                0x000000000800a370      0x100 ./Middlewares/Third_Party/FreeRTOS/Source/queue.o
                0x000000000800a370                xQueueReceiveFromISR
 .text.vQueueDelete
                0x000000000800a470       0x46 ./Middlewares/Third_Party/FreeRTOS/Source/queue.o
                0x000000000800a470                vQueueDelete
 .text.prvGetDisinheritPriorityAfterTimeout
                0x000000000800a4b6       0x30 ./Middlewares/Third_Party/FreeRTOS/Source/queue.o
 .text.prvCopyDataToQueue
                0x000000000800a4e6       0xd4 ./Middlewares/Third_Party/FreeRTOS/Source/queue.o
 .text.prvCopyDataFromQueue
                0x000000000800a5ba       0x4c ./Middlewares/Third_Party/FreeRTOS/Source/queue.o
 .text.prvUnlockQueue
                0x000000000800a606       0xa4 ./Middlewares/Third_Party/FreeRTOS/Source/queue.o
 .text.prvIsQueueEmpty
                0x000000000800a6aa       0x2c ./Middlewares/Third_Party/FreeRTOS/Source/queue.o
 .text.prvIsQueueFull
                0x000000000800a6d6       0x30 ./Middlewares/Third_Party/FreeRTOS/Source/queue.o
 *fill*         0x000000000800a706        0x2 
 .text.vQueueUnregisterQueue
                0x000000000800a708       0x54 ./Middlewares/Third_Party/FreeRTOS/Source/queue.o
                0x000000000800a708                vQueueUnregisterQueue
 .text.xTaskCreateStatic
                0x000000000800a75c       0xba ./Middlewares/Third_Party/FreeRTOS/Source/tasks.o
                0x000000000800a75c                xTaskCreateStatic
 .text.xTaskCreate
                0x000000000800a816       0x8a ./Middlewares/Third_Party/FreeRTOS/Source/tasks.o
                0x000000000800a816                xTaskCreate
 .text.prvInitialiseNewTask
                0x000000000800a8a0      0x13c ./Middlewares/Third_Party/FreeRTOS/Source/tasks.o
 .text.prvAddNewTaskToReadyList
                0x000000000800a9dc       0xd4 ./Middlewares/Third_Party/FreeRTOS/Source/tasks.o
 .text.vTaskDelete
                0x000000000800aab0      0x120 ./Middlewares/Third_Party/FreeRTOS/Source/tasks.o
                0x000000000800aab0                vTaskDelete
 .text.vTaskDelay
                0x000000000800abd0       0x68 ./Middlewares/Third_Party/FreeRTOS/Source/tasks.o
                0x000000000800abd0                vTaskDelay
 .text.vTaskStartScheduler
                0x000000000800ac38       0xd4 ./Middlewares/Third_Party/FreeRTOS/Source/tasks.o
                0x000000000800ac38                vTaskStartScheduler
 .text.vTaskSuspendAll
                0x000000000800ad0c       0x1c ./Middlewares/Third_Party/FreeRTOS/Source/tasks.o
                0x000000000800ad0c                vTaskSuspendAll
 .text.xTaskResumeAll
                0x000000000800ad28      0x138 ./Middlewares/Third_Party/FreeRTOS/Source/tasks.o
                0x000000000800ad28                xTaskResumeAll
 .text.xTaskIncrementTick
                0x000000000800ae60      0x170 ./Middlewares/Third_Party/FreeRTOS/Source/tasks.o
                0x000000000800ae60                xTaskIncrementTick
 .text.vTaskSwitchContext
                0x000000000800afd0       0xe4 ./Middlewares/Third_Party/FreeRTOS/Source/tasks.o
                0x000000000800afd0                vTaskSwitchContext
 .text.vTaskPlaceOnEventList
                0x000000000800b0b4       0x48 ./Middlewares/Third_Party/FreeRTOS/Source/tasks.o
                0x000000000800b0b4                vTaskPlaceOnEventList
 .text.xTaskRemoveFromEventList
                0x000000000800b0fc       0xc4 ./Middlewares/Third_Party/FreeRTOS/Source/tasks.o
                0x000000000800b0fc                xTaskRemoveFromEventList
 .text.vTaskInternalSetTimeOutState
                0x000000000800b1c0       0x2c ./Middlewares/Third_Party/FreeRTOS/Source/tasks.o
                0x000000000800b1c0                vTaskInternalSetTimeOutState
 .text.xTaskCheckForTimeOut
                0x000000000800b1ec       0xc4 ./Middlewares/Third_Party/FreeRTOS/Source/tasks.o
                0x000000000800b1ec                xTaskCheckForTimeOut
 .text.vTaskMissedYield
                0x000000000800b2b0       0x18 ./Middlewares/Third_Party/FreeRTOS/Source/tasks.o
                0x000000000800b2b0                vTaskMissedYield
 .text.prvIdleTask
                0x000000000800b2c8       0x30 ./Middlewares/Third_Party/FreeRTOS/Source/tasks.o
 .text.prvInitialiseTaskLists
                0x000000000800b2f8       0x80 ./Middlewares/Third_Party/FreeRTOS/Source/tasks.o
 .text.prvCheckTasksWaitingTermination
                0x000000000800b378       0x5c ./Middlewares/Third_Party/FreeRTOS/Source/tasks.o
 .text.prvDeleteTCB
                0x000000000800b3d4       0x68 ./Middlewares/Third_Party/FreeRTOS/Source/tasks.o
 .text.prvResetNextTaskUnblockTime
                0x000000000800b43c       0x40 ./Middlewares/Third_Party/FreeRTOS/Source/tasks.o
 .text.xTaskGetSchedulerState
                0x000000000800b47c       0x3c ./Middlewares/Third_Party/FreeRTOS/Source/tasks.o
                0x000000000800b47c                xTaskGetSchedulerState
 .text.xTaskPriorityInherit
                0x000000000800b4b8       0xec ./Middlewares/Third_Party/FreeRTOS/Source/tasks.o
                0x000000000800b4b8                xTaskPriorityInherit
 .text.xTaskPriorityDisinherit
                0x000000000800b5a4      0x10c ./Middlewares/Third_Party/FreeRTOS/Source/tasks.o
                0x000000000800b5a4                xTaskPriorityDisinherit
 .text.vTaskPriorityDisinheritAfterTimeout
                0x000000000800b6b0      0x11c ./Middlewares/Third_Party/FreeRTOS/Source/tasks.o
                0x000000000800b6b0                vTaskPriorityDisinheritAfterTimeout
 .text.pvTaskIncrementMutexHeldCount
                0x000000000800b7cc       0x28 ./Middlewares/Third_Party/FreeRTOS/Source/tasks.o
                0x000000000800b7cc                pvTaskIncrementMutexHeldCount
 .text.prvAddCurrentTaskToDelayedList
                0x000000000800b7f4       0xcc ./Middlewares/Third_Party/FreeRTOS/Source/tasks.o
 .text.pxPortInitialiseStack
                0x000000000800b8c0       0x68 ./Middlewares/Third_Party/FreeRTOS/Source/portable/GCC/ARM_CM4F/port.o
                0x000000000800b8c0                pxPortInitialiseStack
 .text.prvTaskExitError
                0x000000000800b928       0x58 ./Middlewares/Third_Party/FreeRTOS/Source/portable/GCC/ARM_CM4F/port.o
 .text.SVC_Handler
                0x000000000800b980       0x28 ./Middlewares/Third_Party/FreeRTOS/Source/portable/GCC/ARM_CM4F/port.o
                0x000000000800b980                SVC_Handler
 .text.prvPortStartFirstTask
                0x000000000800b9a8       0x28 ./Middlewares/Third_Party/FreeRTOS/Source/portable/GCC/ARM_CM4F/port.o
 .text.xPortStartScheduler
                0x000000000800b9d0      0x144 ./Middlewares/Third_Party/FreeRTOS/Source/portable/GCC/ARM_CM4F/port.o
                0x000000000800b9d0                xPortStartScheduler
 .text.vPortEnterCritical
                0x000000000800bb14       0x60 ./Middlewares/Third_Party/FreeRTOS/Source/portable/GCC/ARM_CM4F/port.o
                0x000000000800bb14                vPortEnterCritical
 .text.vPortExitCritical
                0x000000000800bb74       0x54 ./Middlewares/Third_Party/FreeRTOS/Source/portable/GCC/ARM_CM4F/port.o
                0x000000000800bb74                vPortExitCritical
 *fill*         0x000000000800bbc8        0x8 
 .text.PendSV_Handler
                0x000000000800bbd0       0x68 ./Middlewares/Third_Party/FreeRTOS/Source/portable/GCC/ARM_CM4F/port.o
                0x000000000800bbd0                PendSV_Handler
 .text.SysTick_Handler
                0x000000000800bc38       0x44 ./Middlewares/Third_Party/FreeRTOS/Source/portable/GCC/ARM_CM4F/port.o
                0x000000000800bc38                SysTick_Handler
 .text.vPortSetupTimerInterrupt
                0x000000000800bc7c       0x48 ./Middlewares/Third_Party/FreeRTOS/Source/portable/GCC/ARM_CM4F/port.o
                0x000000000800bc7c                vPortSetupTimerInterrupt
 .text.vPortEnableVFP
                0x000000000800bcc4       0x14 ./Middlewares/Third_Party/FreeRTOS/Source/portable/GCC/ARM_CM4F/port.o
 .text.vPortValidateInterruptPriority
                0x000000000800bcd8       0x80 ./Middlewares/Third_Party/FreeRTOS/Source/portable/GCC/ARM_CM4F/port.o
                0x000000000800bcd8                vPortValidateInterruptPriority
 .text.pvPortMalloc
                0x000000000800bd58      0x198 ./Middlewares/Third_Party/FreeRTOS/Source/portable/MemMang/heap_4.o
                0x000000000800bd58                pvPortMalloc
 .text.vPortFree
                0x000000000800bef0       0xc4 ./Middlewares/Third_Party/FreeRTOS/Source/portable/MemMang/heap_4.o
                0x000000000800bef0                vPortFree
 .text.prvHeapInit
                0x000000000800bfb4       0xc4 ./Middlewares/Third_Party/FreeRTOS/Source/portable/MemMang/heap_4.o
 .text.prvInsertBlockIntoFreeList
                0x000000000800c078       0xb4 ./Middlewares/Third_Party/FreeRTOS/Source/portable/MemMang/heap_4.o
 .text.__assert_func
                0x000000000800c12c       0x3c d:/st/stm32cubeide_1.7.0/stm32cubeide/plugins/com.st.stm32cube.ide.mcu.externaltools.gnu-tools-for-stm32.9-2020-q2-update.win32_2.0.0.202105311346/tools/bin/../lib/gcc/arm-none-eabi/9.3.1/../../../../arm-none-eabi/lib/thumb/v7e-m+fp/hard\libc_nano.a(lib_a-assert.o)
                0x000000000800c12c                __assert_func
 .text.__errno  0x000000000800c168        0xc d:/st/stm32cubeide_1.7.0/stm32cubeide/plugins/com.st.stm32cube.ide.mcu.externaltools.gnu-tools-for-stm32.9-2020-q2-update.win32_2.0.0.202105311346/tools/bin/../lib/gcc/arm-none-eabi/9.3.1/../../../../arm-none-eabi/lib/thumb/v7e-m+fp/hard\libc_nano.a(lib_a-errno.o)
                0x000000000800c168                __errno
 .text.std      0x000000000800c174       0x48 d:/st/stm32cubeide_1.7.0/stm32cubeide/plugins/com.st.stm32cube.ide.mcu.externaltools.gnu-tools-for-stm32.9-2020-q2-update.win32_2.0.0.202105311346/tools/bin/../lib/gcc/arm-none-eabi/9.3.1/../../../../arm-none-eabi/lib/thumb/v7e-m+fp/hard\libc_nano.a(lib_a-findfp.o)
 .text._cleanup_r
                0x000000000800c1bc        0xc d:/st/stm32cubeide_1.7.0/stm32cubeide/plugins/com.st.stm32cube.ide.mcu.externaltools.gnu-tools-for-stm32.9-2020-q2-update.win32_2.0.0.202105311346/tools/bin/../lib/gcc/arm-none-eabi/9.3.1/../../../../arm-none-eabi/lib/thumb/v7e-m+fp/hard\libc_nano.a(lib_a-findfp.o)
                0x000000000800c1bc                _cleanup_r
 .text.__sfmoreglue
                0x000000000800c1c8       0x2c d:/st/stm32cubeide_1.7.0/stm32cubeide/plugins/com.st.stm32cube.ide.mcu.externaltools.gnu-tools-for-stm32.9-2020-q2-update.win32_2.0.0.202105311346/tools/bin/../lib/gcc/arm-none-eabi/9.3.1/../../../../arm-none-eabi/lib/thumb/v7e-m+fp/hard\libc_nano.a(lib_a-findfp.o)
                0x000000000800c1c8                __sfmoreglue
 .text.__sfp_lock_acquire
                0x000000000800c1f4        0xc d:/st/stm32cubeide_1.7.0/stm32cubeide/plugins/com.st.stm32cube.ide.mcu.externaltools.gnu-tools-for-stm32.9-2020-q2-update.win32_2.0.0.202105311346/tools/bin/../lib/gcc/arm-none-eabi/9.3.1/../../../../arm-none-eabi/lib/thumb/v7e-m+fp/hard\libc_nano.a(lib_a-findfp.o)
                0x000000000800c1f4                __sfp_lock_acquire
 .text.__sfp_lock_release
                0x000000000800c200        0xc d:/st/stm32cubeide_1.7.0/stm32cubeide/plugins/com.st.stm32cube.ide.mcu.externaltools.gnu-tools-for-stm32.9-2020-q2-update.win32_2.0.0.202105311346/tools/bin/../lib/gcc/arm-none-eabi/9.3.1/../../../../arm-none-eabi/lib/thumb/v7e-m+fp/hard\libc_nano.a(lib_a-findfp.o)
                0x000000000800c200                __sfp_lock_release
 .text.__sinit_lock_acquire
                0x000000000800c20c        0xc d:/st/stm32cubeide_1.7.0/stm32cubeide/plugins/com.st.stm32cube.ide.mcu.externaltools.gnu-tools-for-stm32.9-2020-q2-update.win32_2.0.0.202105311346/tools/bin/../lib/gcc/arm-none-eabi/9.3.1/../../../../arm-none-eabi/lib/thumb/v7e-m+fp/hard\libc_nano.a(lib_a-findfp.o)
                0x000000000800c20c                __sinit_lock_acquire
 .text.__sinit_lock_release
                0x000000000800c218        0xc d:/st/stm32cubeide_1.7.0/stm32cubeide/plugins/com.st.stm32cube.ide.mcu.externaltools.gnu-tools-for-stm32.9-2020-q2-update.win32_2.0.0.202105311346/tools/bin/../lib/gcc/arm-none-eabi/9.3.1/../../../../arm-none-eabi/lib/thumb/v7e-m+fp/hard\libc_nano.a(lib_a-findfp.o)
                0x000000000800c218                __sinit_lock_release
 .text.__sinit  0x000000000800c224       0x70 d:/st/stm32cubeide_1.7.0/stm32cubeide/plugins/com.st.stm32cube.ide.mcu.externaltools.gnu-tools-for-stm32.9-2020-q2-update.win32_2.0.0.202105311346/tools/bin/../lib/gcc/arm-none-eabi/9.3.1/../../../../arm-none-eabi/lib/thumb/v7e-m+fp/hard\libc_nano.a(lib_a-findfp.o)
                0x000000000800c224                __sinit
 .text.__sfp    0x000000000800c294       0x8c d:/st/stm32cubeide_1.7.0/stm32cubeide/plugins/com.st.stm32cube.ide.mcu.externaltools.gnu-tools-for-stm32.9-2020-q2-update.win32_2.0.0.202105311346/tools/bin/../lib/gcc/arm-none-eabi/9.3.1/../../../../arm-none-eabi/lib/thumb/v7e-m+fp/hard\libc_nano.a(lib_a-findfp.o)
                0x000000000800c294                __sfp
 .text.fprintf  0x000000000800c320       0x24 d:/st/stm32cubeide_1.7.0/stm32cubeide/plugins/com.st.stm32cube.ide.mcu.externaltools.gnu-tools-for-stm32.9-2020-q2-update.win32_2.0.0.202105311346/tools/bin/../lib/gcc/arm-none-eabi/9.3.1/../../../../arm-none-eabi/lib/thumb/v7e-m+fp/hard\libc_nano.a(lib_a-fprintf.o)
                0x000000000800c320                fiprintf
                0x000000000800c320                fprintf
 .text._fwalk_reent
                0x000000000800c344       0x3e d:/st/stm32cubeide_1.7.0/stm32cubeide/plugins/com.st.stm32cube.ide.mcu.externaltools.gnu-tools-for-stm32.9-2020-q2-update.win32_2.0.0.202105311346/tools/bin/../lib/gcc/arm-none-eabi/9.3.1/../../../../arm-none-eabi/lib/thumb/v7e-m+fp/hard\libc_nano.a(lib_a-fwalk.o)
                0x000000000800c344                _fwalk_reent
 *fill*         0x000000000800c382        0x2 
 .text.__libc_init_array
                0x000000000800c384       0x48 d:/st/stm32cubeide_1.7.0/stm32cubeide/plugins/com.st.stm32cube.ide.mcu.externaltools.gnu-tools-for-stm32.9-2020-q2-update.win32_2.0.0.202105311346/tools/bin/../lib/gcc/arm-none-eabi/9.3.1/../../../../arm-none-eabi/lib/thumb/v7e-m+fp/hard\libc_nano.a(lib_a-init.o)
                0x000000000800c384                __libc_init_array
 .text.__retarget_lock_init_recursive
                0x000000000800c3cc        0x2 d:/st/stm32cubeide_1.7.0/stm32cubeide/plugins/com.st.stm32cube.ide.mcu.externaltools.gnu-tools-for-stm32.9-2020-q2-update.win32_2.0.0.202105311346/tools/bin/../lib/gcc/arm-none-eabi/9.3.1/../../../../arm-none-eabi/lib/thumb/v7e-m+fp/hard\libc_nano.a(lib_a-lock.o)
                0x000000000800c3cc                __retarget_lock_init_recursive
 .text.__retarget_lock_acquire_recursive
                0x000000000800c3ce        0x2 d:/st/stm32cubeide_1.7.0/stm32cubeide/plugins/com.st.stm32cube.ide.mcu.externaltools.gnu-tools-for-stm32.9-2020-q2-update.win32_2.0.0.202105311346/tools/bin/../lib/gcc/arm-none-eabi/9.3.1/../../../../arm-none-eabi/lib/thumb/v7e-m+fp/hard\libc_nano.a(lib_a-lock.o)
                0x000000000800c3ce                __retarget_lock_acquire_recursive
 .text.__retarget_lock_release_recursive
                0x000000000800c3d0        0x2 d:/st/stm32cubeide_1.7.0/stm32cubeide/plugins/com.st.stm32cube.ide.mcu.externaltools.gnu-tools-for-stm32.9-2020-q2-update.win32_2.0.0.202105311346/tools/bin/../lib/gcc/arm-none-eabi/9.3.1/../../../../arm-none-eabi/lib/thumb/v7e-m+fp/hard\libc_nano.a(lib_a-lock.o)
                0x000000000800c3d0                __retarget_lock_release_recursive
 .text.memcpy   0x000000000800c3d2       0x1c d:/st/stm32cubeide_1.7.0/stm32cubeide/plugins/com.st.stm32cube.ide.mcu.externaltools.gnu-tools-for-stm32.9-2020-q2-update.win32_2.0.0.202105311346/tools/bin/../lib/gcc/arm-none-eabi/9.3.1/../../../../arm-none-eabi/lib/thumb/v7e-m+fp/hard\libc_nano.a(lib_a-memcpy-stub.o)
                0x000000000800c3d2                memcpy
 .text.memmove  0x000000000800c3ee       0x34 d:/st/stm32cubeide_1.7.0/stm32cubeide/plugins/com.st.stm32cube.ide.mcu.externaltools.gnu-tools-for-stm32.9-2020-q2-update.win32_2.0.0.202105311346/tools/bin/../lib/gcc/arm-none-eabi/9.3.1/../../../../arm-none-eabi/lib/thumb/v7e-m+fp/hard\libc_nano.a(lib_a-memmove.o)
                0x000000000800c3ee                memmove
 .text.memset   0x000000000800c422       0x10 d:/st/stm32cubeide_1.7.0/stm32cubeide/plugins/com.st.stm32cube.ide.mcu.externaltools.gnu-tools-for-stm32.9-2020-q2-update.win32_2.0.0.202105311346/tools/bin/../lib/gcc/arm-none-eabi/9.3.1/../../../../arm-none-eabi/lib/thumb/v7e-m+fp/hard\libc_nano.a(lib_a-memset.o)
                0x000000000800c422                memset
 *fill*         0x000000000800c432        0x2 
 .text._malloc_r
                0x000000000800c434       0xb4 d:/st/stm32cubeide_1.7.0/stm32cubeide/plugins/com.st.stm32cube.ide.mcu.externaltools.gnu-tools-for-stm32.9-2020-q2-update.win32_2.0.0.202105311346/tools/bin/../lib/gcc/arm-none-eabi/9.3.1/../../../../arm-none-eabi/lib/thumb/v7e-m+fp/hard\libc_nano.a(lib_a-nano-mallocr.o)
                0x000000000800c434                _malloc_r
 .text.__sfputc_r
                0x000000000800c4e8       0x2e d:/st/stm32cubeide_1.7.0/stm32cubeide/plugins/com.st.stm32cube.ide.mcu.externaltools.gnu-tools-for-stm32.9-2020-q2-update.win32_2.0.0.202105311346/tools/bin/../lib/gcc/arm-none-eabi/9.3.1/../../../../arm-none-eabi/lib/thumb/v7e-m+fp/hard\libc_nano.a(lib_a-nano-vfprintf.o)
 .text.__sfputs_r
                0x000000000800c516       0x24 d:/st/stm32cubeide_1.7.0/stm32cubeide/plugins/com.st.stm32cube.ide.mcu.externaltools.gnu-tools-for-stm32.9-2020-q2-update.win32_2.0.0.202105311346/tools/bin/../lib/gcc/arm-none-eabi/9.3.1/../../../../arm-none-eabi/lib/thumb/v7e-m+fp/hard\libc_nano.a(lib_a-nano-vfprintf.o)
                0x000000000800c516                __sfputs_r
 *fill*         0x000000000800c53a        0x2 
 .text._vfprintf_r
                0x000000000800c53c      0x260 d:/st/stm32cubeide_1.7.0/stm32cubeide/plugins/com.st.stm32cube.ide.mcu.externaltools.gnu-tools-for-stm32.9-2020-q2-update.win32_2.0.0.202105311346/tools/bin/../lib/gcc/arm-none-eabi/9.3.1/../../../../arm-none-eabi/lib/thumb/v7e-m+fp/hard\libc_nano.a(lib_a-nano-vfprintf.o)
                0x000000000800c53c                _vfprintf_r
                0x000000000800c53c                _vfiprintf_r
 .text.__cvt    0x000000000800c79c       0xc4 d:/st/stm32cubeide_1.7.0/stm32cubeide/plugins/com.st.stm32cube.ide.mcu.externaltools.gnu-tools-for-stm32.9-2020-q2-update.win32_2.0.0.202105311346/tools/bin/../lib/gcc/arm-none-eabi/9.3.1/../../../../arm-none-eabi/lib/thumb/v7e-m+fp/hard\libc_nano.a(lib_a-nano-vfprintf_float.o)
                0x000000000800c79c                __cvt
 .text.__exponent
                0x000000000800c860       0x7c d:/st/stm32cubeide_1.7.0/stm32cubeide/plugins/com.st.stm32cube.ide.mcu.externaltools.gnu-tools-for-stm32.9-2020-q2-update.win32_2.0.0.202105311346/tools/bin/../lib/gcc/arm-none-eabi/9.3.1/../../../../arm-none-eabi/lib/thumb/v7e-m+fp/hard\libc_nano.a(lib_a-nano-vfprintf_float.o)
                0x000000000800c860                __exponent
 .text._printf_float
                0x000000000800c8dc      0x46c d:/st/stm32cubeide_1.7.0/stm32cubeide/plugins/com.st.stm32cube.ide.mcu.externaltools.gnu-tools-for-stm32.9-2020-q2-update.win32_2.0.0.202105311346/tools/bin/../lib/gcc/arm-none-eabi/9.3.1/../../../../arm-none-eabi/lib/thumb/v7e-m+fp/hard\libc_nano.a(lib_a-nano-vfprintf_float.o)
                0x000000000800c8dc                _printf_float
 .text._printf_common
                0x000000000800cd48       0xda d:/st/stm32cubeide_1.7.0/stm32cubeide/plugins/com.st.stm32cube.ide.mcu.externaltools.gnu-tools-for-stm32.9-2020-q2-update.win32_2.0.0.202105311346/tools/bin/../lib/gcc/arm-none-eabi/9.3.1/../../../../arm-none-eabi/lib/thumb/v7e-m+fp/hard\libc_nano.a(lib_a-nano-vfprintf_i.o)
                0x000000000800cd48                _printf_common
 *fill*         0x000000000800ce22        0x2 
 .text._printf_i
                0x000000000800ce24      0x24c d:/st/stm32cubeide_1.7.0/stm32cubeide/plugins/com.st.stm32cube.ide.mcu.externaltools.gnu-tools-for-stm32.9-2020-q2-update.win32_2.0.0.202105311346/tools/bin/../lib/gcc/arm-none-eabi/9.3.1/../../../../arm-none-eabi/lib/thumb/v7e-m+fp/hard\libc_nano.a(lib_a-nano-vfprintf_i.o)
                0x000000000800ce24                _printf_i
 .text.printf   0x000000000800d070       0x30 d:/st/stm32cubeide_1.7.0/stm32cubeide/plugins/com.st.stm32cube.ide.mcu.externaltools.gnu-tools-for-stm32.9-2020-q2-update.win32_2.0.0.202105311346/tools/bin/../lib/gcc/arm-none-eabi/9.3.1/../../../../arm-none-eabi/lib/thumb/v7e-m+fp/hard\libc_nano.a(lib_a-printf.o)
                0x000000000800d070                iprintf
                0x000000000800d070                printf
 .text.cleanup_glue
                0x000000000800d0a0       0x1a d:/st/stm32cubeide_1.7.0/stm32cubeide/plugins/com.st.stm32cube.ide.mcu.externaltools.gnu-tools-for-stm32.9-2020-q2-update.win32_2.0.0.202105311346/tools/bin/../lib/gcc/arm-none-eabi/9.3.1/../../../../arm-none-eabi/lib/thumb/v7e-m+fp/hard\libc_nano.a(lib_a-reent.o)
                0x000000000800d0a0                cleanup_glue
 *fill*         0x000000000800d0ba        0x2 
 .text._reclaim_reent
                0x000000000800d0bc       0xb8 d:/st/stm32cubeide_1.7.0/stm32cubeide/plugins/com.st.stm32cube.ide.mcu.externaltools.gnu-tools-for-stm32.9-2020-q2-update.win32_2.0.0.202105311346/tools/bin/../lib/gcc/arm-none-eabi/9.3.1/../../../../arm-none-eabi/lib/thumb/v7e-m+fp/hard\libc_nano.a(lib_a-reent.o)
                0x000000000800d0bc                _reclaim_reent
 .text._sbrk_r  0x000000000800d174       0x20 d:/st/stm32cubeide_1.7.0/stm32cubeide/plugins/com.st.stm32cube.ide.mcu.externaltools.gnu-tools-for-stm32.9-2020-q2-update.win32_2.0.0.202105311346/tools/bin/../lib/gcc/arm-none-eabi/9.3.1/../../../../arm-none-eabi/lib/thumb/v7e-m+fp/hard\libc_nano.a(lib_a-sbrkr.o)
                0x000000000800d174                _sbrk_r
 .text.snprintf
                0x000000000800d194       0x68 d:/st/stm32cubeide_1.7.0/stm32cubeide/plugins/com.st.stm32cube.ide.mcu.externaltools.gnu-tools-for-stm32.9-2020-q2-update.win32_2.0.0.202105311346/tools/bin/../lib/gcc/arm-none-eabi/9.3.1/../../../../arm-none-eabi/lib/thumb/v7e-m+fp/hard\libc_nano.a(lib_a-snprintf.o)
                0x000000000800d194                sniprintf
                0x000000000800d194                snprintf
 .text.__sread  0x000000000800d1fc       0x22 d:/st/stm32cubeide_1.7.0/stm32cubeide/plugins/com.st.stm32cube.ide.mcu.externaltools.gnu-tools-for-stm32.9-2020-q2-update.win32_2.0.0.202105311346/tools/bin/../lib/gcc/arm-none-eabi/9.3.1/../../../../arm-none-eabi/lib/thumb/v7e-m+fp/hard\libc_nano.a(lib_a-stdio.o)
                0x000000000800d1fc                __sread
 .text.__swrite
                0x000000000800d21e       0x38 d:/st/stm32cubeide_1.7.0/stm32cubeide/plugins/com.st.stm32cube.ide.mcu.externaltools.gnu-tools-for-stm32.9-2020-q2-update.win32_2.0.0.202105311346/tools/bin/../lib/gcc/arm-none-eabi/9.3.1/../../../../arm-none-eabi/lib/thumb/v7e-m+fp/hard\libc_nano.a(lib_a-stdio.o)
                0x000000000800d21e                __swrite
 .text.__sseek  0x000000000800d256       0x24 d:/st/stm32cubeide_1.7.0/stm32cubeide/plugins/com.st.stm32cube.ide.mcu.externaltools.gnu-tools-for-stm32.9-2020-q2-update.win32_2.0.0.202105311346/tools/bin/../lib/gcc/arm-none-eabi/9.3.1/../../../../arm-none-eabi/lib/thumb/v7e-m+fp/hard\libc_nano.a(lib_a-stdio.o)
                0x000000000800d256                __sseek
 .text.__sclose
                0x000000000800d27a        0x8 d:/st/stm32cubeide_1.7.0/stm32cubeide/plugins/com.st.stm32cube.ide.mcu.externaltools.gnu-tools-for-stm32.9-2020-q2-update.win32_2.0.0.202105311346/tools/bin/../lib/gcc/arm-none-eabi/9.3.1/../../../../arm-none-eabi/lib/thumb/v7e-m+fp/hard\libc_nano.a(lib_a-stdio.o)
                0x000000000800d27a                __sclose
 .text._vsnprintf_r
                0x000000000800d282       0x58 d:/st/stm32cubeide_1.7.0/stm32cubeide/plugins/com.st.stm32cube.ide.mcu.externaltools.gnu-tools-for-stm32.9-2020-q2-update.win32_2.0.0.202105311346/tools/bin/../lib/gcc/arm-none-eabi/9.3.1/../../../../arm-none-eabi/lib/thumb/v7e-m+fp/hard\libc_nano.a(lib_a-vsnprintf.o)
                0x000000000800d282                _vsniprintf_r
                0x000000000800d282                _vsnprintf_r
 *fill*         0x000000000800d2da        0x2 
 .text.vsnprintf
                0x000000000800d2dc       0x1c d:/st/stm32cubeide_1.7.0/stm32cubeide/plugins/com.st.stm32cube.ide.mcu.externaltools.gnu-tools-for-stm32.9-2020-q2-update.win32_2.0.0.202105311346/tools/bin/../lib/gcc/arm-none-eabi/9.3.1/../../../../arm-none-eabi/lib/thumb/v7e-m+fp/hard\libc_nano.a(lib_a-vsnprintf.o)
                0x000000000800d2dc                vsniprintf
                0x000000000800d2dc                vsnprintf
 .text.__swbuf_r
                0x000000000800d2f8       0xa4 d:/st/stm32cubeide_1.7.0/stm32cubeide/plugins/com.st.stm32cube.ide.mcu.externaltools.gnu-tools-for-stm32.9-2020-q2-update.win32_2.0.0.202105311346/tools/bin/../lib/gcc/arm-none-eabi/9.3.1/../../../../arm-none-eabi/lib/thumb/v7e-m+fp/hard\libc_nano.a(lib_a-wbuf.o)
                0x000000000800d2f8                __swbuf_r
 .text._write_r
                0x000000000800d39c       0x24 d:/st/stm32cubeide_1.7.0/stm32cubeide/plugins/com.st.stm32cube.ide.mcu.externaltools.gnu-tools-for-stm32.9-2020-q2-update.win32_2.0.0.202105311346/tools/bin/../lib/gcc/arm-none-eabi/9.3.1/../../../../arm-none-eabi/lib/thumb/v7e-m+fp/hard\libc_nano.a(lib_a-writer.o)
                0x000000000800d39c                _write_r
 .text.__swsetup_r
                0x000000000800d3c0       0xdc d:/st/stm32cubeide_1.7.0/stm32cubeide/plugins/com.st.stm32cube.ide.mcu.externaltools.gnu-tools-for-stm32.9-2020-q2-update.win32_2.0.0.202105311346/tools/bin/../lib/gcc/arm-none-eabi/9.3.1/../../../../arm-none-eabi/lib/thumb/v7e-m+fp/hard\libc_nano.a(lib_a-wsetup.o)
                0x000000000800d3c0                __swsetup_r
 .text.abort    0x000000000800d49c        0xe d:/st/stm32cubeide_1.7.0/stm32cubeide/plugins/com.st.stm32cube.ide.mcu.externaltools.gnu-tools-for-stm32.9-2020-q2-update.win32_2.0.0.202105311346/tools/bin/../lib/gcc/arm-none-eabi/9.3.1/../../../../arm-none-eabi/lib/thumb/v7e-m+fp/hard\libc_nano.a(lib_a-abort.o)
                0x000000000800d49c                abort
 *fill*         0x000000000800d4aa        0x2 
 .text._close_r
                0x000000000800d4ac       0x20 d:/st/stm32cubeide_1.7.0/stm32cubeide/plugins/com.st.stm32cube.ide.mcu.externaltools.gnu-tools-for-stm32.9-2020-q2-update.win32_2.0.0.202105311346/tools/bin/../lib/gcc/arm-none-eabi/9.3.1/../../../../arm-none-eabi/lib/thumb/v7e-m+fp/hard\libc_nano.a(lib_a-closer.o)
                0x000000000800d4ac                _close_r
 .text.quorem   0x000000000800d4cc      0x116 d:/st/stm32cubeide_1.7.0/stm32cubeide/plugins/com.st.stm32cube.ide.mcu.externaltools.gnu-tools-for-stm32.9-2020-q2-update.win32_2.0.0.202105311346/tools/bin/../lib/gcc/arm-none-eabi/9.3.1/../../../../arm-none-eabi/lib/thumb/v7e-m+fp/hard\libc_nano.a(lib_a-dtoa.o)
 *fill*         0x000000000800d5e2        0x6 
 .text._dtoa_r  0x000000000800d5e8      0xbd8 d:/st/stm32cubeide_1.7.0/stm32cubeide/plugins/com.st.stm32cube.ide.mcu.externaltools.gnu-tools-for-stm32.9-2020-q2-update.win32_2.0.0.202105311346/tools/bin/../lib/gcc/arm-none-eabi/9.3.1/../../../../arm-none-eabi/lib/thumb/v7e-m+fp/hard\libc_nano.a(lib_a-dtoa.o)
                0x000000000800d5e8                _dtoa_r
 .text.__sflush_r
                0x000000000800e1c0      0x10c d:/st/stm32cubeide_1.7.0/stm32cubeide/plugins/com.st.stm32cube.ide.mcu.externaltools.gnu-tools-for-stm32.9-2020-q2-update.win32_2.0.0.202105311346/tools/bin/../lib/gcc/arm-none-eabi/9.3.1/../../../../arm-none-eabi/lib/thumb/v7e-m+fp/hard\libc_nano.a(lib_a-fflush.o)
                0x000000000800e1c0                __sflush_r
 .text._fflush_r
                0x000000000800e2cc       0x78 d:/st/stm32cubeide_1.7.0/stm32cubeide/plugins/com.st.stm32cube.ide.mcu.externaltools.gnu-tools-for-stm32.9-2020-q2-update.win32_2.0.0.202105311346/tools/bin/../lib/gcc/arm-none-eabi/9.3.1/../../../../arm-none-eabi/lib/thumb/v7e-m+fp/hard\libc_nano.a(lib_a-fflush.o)
                0x000000000800e2cc                _fflush_r
 .text._localeconv_r
                0x000000000800e344        0x8 d:/st/stm32cubeide_1.7.0/stm32cubeide/plugins/com.st.stm32cube.ide.mcu.externaltools.gnu-tools-for-stm32.9-2020-q2-update.win32_2.0.0.202105311346/tools/bin/../lib/gcc/arm-none-eabi/9.3.1/../../../../arm-none-eabi/lib/thumb/v7e-m+fp/hard\libc_nano.a(lib_a-localeconv.o)
                0x000000000800e344                _localeconv_r
 .text._lseek_r
                0x000000000800e34c       0x24 d:/st/stm32cubeide_1.7.0/stm32cubeide/plugins/com.st.stm32cube.ide.mcu.externaltools.gnu-tools-for-stm32.9-2020-q2-update.win32_2.0.0.202105311346/tools/bin/../lib/gcc/arm-none-eabi/9.3.1/../../../../arm-none-eabi/lib/thumb/v7e-m+fp/hard\libc_nano.a(lib_a-lseekr.o)
                0x000000000800e34c                _lseek_r
 .text.__swhatbuf_r
                0x000000000800e370       0x48 d:/st/stm32cubeide_1.7.0/stm32cubeide/plugins/com.st.stm32cube.ide.mcu.externaltools.gnu-tools-for-stm32.9-2020-q2-update.win32_2.0.0.202105311346/tools/bin/../lib/gcc/arm-none-eabi/9.3.1/../../../../arm-none-eabi/lib/thumb/v7e-m+fp/hard\libc_nano.a(lib_a-makebuf.o)
                0x000000000800e370                __swhatbuf_r
 .text.__smakebuf_r
                0x000000000800e3b8       0x80 d:/st/stm32cubeide_1.7.0/stm32cubeide/plugins/com.st.stm32cube.ide.mcu.externaltools.gnu-tools-for-stm32.9-2020-q2-update.win32_2.0.0.202105311346/tools/bin/../lib/gcc/arm-none-eabi/9.3.1/../../../../arm-none-eabi/lib/thumb/v7e-m+fp/hard\libc_nano.a(lib_a-makebuf.o)
                0x000000000800e3b8                __smakebuf_r
 .text.malloc   0x000000000800e438       0x10 d:/st/stm32cubeide_1.7.0/stm32cubeide/plugins/com.st.stm32cube.ide.mcu.externaltools.gnu-tools-for-stm32.9-2020-q2-update.win32_2.0.0.202105311346/tools/bin/../lib/gcc/arm-none-eabi/9.3.1/../../../../arm-none-eabi/lib/thumb/v7e-m+fp/hard\libc_nano.a(lib_a-malloc.o)
                0x000000000800e438                malloc
 .text.__malloc_lock
                0x000000000800e448        0xc d:/st/stm32cubeide_1.7.0/stm32cubeide/plugins/com.st.stm32cube.ide.mcu.externaltools.gnu-tools-for-stm32.9-2020-q2-update.win32_2.0.0.202105311346/tools/bin/../lib/gcc/arm-none-eabi/9.3.1/../../../../arm-none-eabi/lib/thumb/v7e-m+fp/hard\libc_nano.a(lib_a-mlock.o)
                0x000000000800e448                __malloc_lock
 .text.__malloc_unlock
                0x000000000800e454        0xc d:/st/stm32cubeide_1.7.0/stm32cubeide/plugins/com.st.stm32cube.ide.mcu.externaltools.gnu-tools-for-stm32.9-2020-q2-update.win32_2.0.0.202105311346/tools/bin/../lib/gcc/arm-none-eabi/9.3.1/../../../../arm-none-eabi/lib/thumb/v7e-m+fp/hard\libc_nano.a(lib_a-mlock.o)
                0x000000000800e454                __malloc_unlock
 .text._Balloc  0x000000000800e460       0x80 d:/st/stm32cubeide_1.7.0/stm32cubeide/plugins/com.st.stm32cube.ide.mcu.externaltools.gnu-tools-for-stm32.9-2020-q2-update.win32_2.0.0.202105311346/tools/bin/../lib/gcc/arm-none-eabi/9.3.1/../../../../arm-none-eabi/lib/thumb/v7e-m+fp/hard\libc_nano.a(lib_a-mprec.o)
                0x000000000800e460                _Balloc
 .text._Bfree   0x000000000800e4e0       0x44 d:/st/stm32cubeide_1.7.0/stm32cubeide/plugins/com.st.stm32cube.ide.mcu.externaltools.gnu-tools-for-stm32.9-2020-q2-update.win32_2.0.0.202105311346/tools/bin/../lib/gcc/arm-none-eabi/9.3.1/../../../../arm-none-eabi/lib/thumb/v7e-m+fp/hard\libc_nano.a(lib_a-mprec.o)
                0x000000000800e4e0                _Bfree
 .text.__multadd
                0x000000000800e524       0x94 d:/st/stm32cubeide_1.7.0/stm32cubeide/plugins/com.st.stm32cube.ide.mcu.externaltools.gnu-tools-for-stm32.9-2020-q2-update.win32_2.0.0.202105311346/tools/bin/../lib/gcc/arm-none-eabi/9.3.1/../../../../arm-none-eabi/lib/thumb/v7e-m+fp/hard\libc_nano.a(lib_a-mprec.o)
                0x000000000800e524                __multadd
 .text.__hi0bits
                0x000000000800e5b8       0x40 d:/st/stm32cubeide_1.7.0/stm32cubeide/plugins/com.st.stm32cube.ide.mcu.externaltools.gnu-tools-for-stm32.9-2020-q2-update.win32_2.0.0.202105311346/tools/bin/../lib/gcc/arm-none-eabi/9.3.1/../../../../arm-none-eabi/lib/thumb/v7e-m+fp/hard\libc_nano.a(lib_a-mprec.o)
                0x000000000800e5b8                __hi0bits
 .text.__lo0bits
                0x000000000800e5f8       0x60 d:/st/stm32cubeide_1.7.0/stm32cubeide/plugins/com.st.stm32cube.ide.mcu.externaltools.gnu-tools-for-stm32.9-2020-q2-update.win32_2.0.0.202105311346/tools/bin/../lib/gcc/arm-none-eabi/9.3.1/../../../../arm-none-eabi/lib/thumb/v7e-m+fp/hard\libc_nano.a(lib_a-mprec.o)
                0x000000000800e5f8                __lo0bits
 .text.__i2b    0x000000000800e658       0x2c d:/st/stm32cubeide_1.7.0/stm32cubeide/plugins/com.st.stm32cube.ide.mcu.externaltools.gnu-tools-for-stm32.9-2020-q2-update.win32_2.0.0.202105311346/tools/bin/../lib/gcc/arm-none-eabi/9.3.1/../../../../arm-none-eabi/lib/thumb/v7e-m+fp/hard\libc_nano.a(lib_a-mprec.o)
                0x000000000800e658                __i2b
 .text.__multiply
                0x000000000800e684      0x14c d:/st/stm32cubeide_1.7.0/stm32cubeide/plugins/com.st.stm32cube.ide.mcu.externaltools.gnu-tools-for-stm32.9-2020-q2-update.win32_2.0.0.202105311346/tools/bin/../lib/gcc/arm-none-eabi/9.3.1/../../../../arm-none-eabi/lib/thumb/v7e-m+fp/hard\libc_nano.a(lib_a-mprec.o)
                0x000000000800e684                __multiply
 .text.__pow5mult
                0x000000000800e7d0       0xb4 d:/st/stm32cubeide_1.7.0/stm32cubeide/plugins/com.st.stm32cube.ide.mcu.externaltools.gnu-tools-for-stm32.9-2020-q2-update.win32_2.0.0.202105311346/tools/bin/../lib/gcc/arm-none-eabi/9.3.1/../../../../arm-none-eabi/lib/thumb/v7e-m+fp/hard\libc_nano.a(lib_a-mprec.o)
                0x000000000800e7d0                __pow5mult
 .text.__lshift
                0x000000000800e884       0xd8 d:/st/stm32cubeide_1.7.0/stm32cubeide/plugins/com.st.stm32cube.ide.mcu.externaltools.gnu-tools-for-stm32.9-2020-q2-update.win32_2.0.0.202105311346/tools/bin/../lib/gcc/arm-none-eabi/9.3.1/../../../../arm-none-eabi/lib/thumb/v7e-m+fp/hard\libc_nano.a(lib_a-mprec.o)
                0x000000000800e884                __lshift
 .text.__mcmp   0x000000000800e95c       0x38 d:/st/stm32cubeide_1.7.0/stm32cubeide/plugins/com.st.stm32cube.ide.mcu.externaltools.gnu-tools-for-stm32.9-2020-q2-update.win32_2.0.0.202105311346/tools/bin/../lib/gcc/arm-none-eabi/9.3.1/../../../../arm-none-eabi/lib/thumb/v7e-m+fp/hard\libc_nano.a(lib_a-mprec.o)
                0x000000000800e95c                __mcmp
 .text.__mdiff  0x000000000800e994      0x110 d:/st/stm32cubeide_1.7.0/stm32cubeide/plugins/com.st.stm32cube.ide.mcu.externaltools.gnu-tools-for-stm32.9-2020-q2-update.win32_2.0.0.202105311346/tools/bin/../lib/gcc/arm-none-eabi/9.3.1/../../../../arm-none-eabi/lib/thumb/v7e-m+fp/hard\libc_nano.a(lib_a-mprec.o)
                0x000000000800e994                __mdiff
 .text.__d2b    0x000000000800eaa4       0xb8 d:/st/stm32cubeide_1.7.0/stm32cubeide/plugins/com.st.stm32cube.ide.mcu.externaltools.gnu-tools-for-stm32.9-2020-q2-update.win32_2.0.0.202105311346/tools/bin/../lib/gcc/arm-none-eabi/9.3.1/../../../../arm-none-eabi/lib/thumb/v7e-m+fp/hard\libc_nano.a(lib_a-mprec.o)
                0x000000000800eaa4                __d2b
 .text._calloc_r
                0x000000000800eb5c       0x1e d:/st/stm32cubeide_1.7.0/stm32cubeide/plugins/com.st.stm32cube.ide.mcu.externaltools.gnu-tools-for-stm32.9-2020-q2-update.win32_2.0.0.202105311346/tools/bin/../lib/gcc/arm-none-eabi/9.3.1/../../../../arm-none-eabi/lib/thumb/v7e-m+fp/hard\libc_nano.a(lib_a-nano-callocr.o)
                0x000000000800eb5c                _calloc_r
 *fill*         0x000000000800eb7a        0x2 
 .text._free_r  0x000000000800eb7c       0xa0 d:/st/stm32cubeide_1.7.0/stm32cubeide/plugins/com.st.stm32cube.ide.mcu.externaltools.gnu-tools-for-stm32.9-2020-q2-update.win32_2.0.0.202105311346/tools/bin/../lib/gcc/arm-none-eabi/9.3.1/../../../../arm-none-eabi/lib/thumb/v7e-m+fp/hard\libc_nano.a(lib_a-nano-freer.o)
                0x000000000800eb7c                _free_r
 .text._realloc_r
                0x000000000800ec1c       0x4c d:/st/stm32cubeide_1.7.0/stm32cubeide/plugins/com.st.stm32cube.ide.mcu.externaltools.gnu-tools-for-stm32.9-2020-q2-update.win32_2.0.0.202105311346/tools/bin/../lib/gcc/arm-none-eabi/9.3.1/../../../../arm-none-eabi/lib/thumb/v7e-m+fp/hard\libc_nano.a(lib_a-nano-reallocr.o)
                0x000000000800ec1c                _realloc_r
 .text.__ssputs_r
                0x000000000800ec68       0xb6 d:/st/stm32cubeide_1.7.0/stm32cubeide/plugins/com.st.stm32cube.ide.mcu.externaltools.gnu-tools-for-stm32.9-2020-q2-update.win32_2.0.0.202105311346/tools/bin/../lib/gcc/arm-none-eabi/9.3.1/../../../../arm-none-eabi/lib/thumb/v7e-m+fp/hard\libc_nano.a(lib_a-nano-svfprintf.o)
                0x000000000800ec68                __ssputs_r
 *fill*         0x000000000800ed1e        0x2 
 .text._svfprintf_r
                0x000000000800ed20      0x200 d:/st/stm32cubeide_1.7.0/stm32cubeide/plugins/com.st.stm32cube.ide.mcu.externaltools.gnu-tools-for-stm32.9-2020-q2-update.win32_2.0.0.202105311346/tools/bin/../lib/gcc/arm-none-eabi/9.3.1/../../../../arm-none-eabi/lib/thumb/v7e-m+fp/hard\libc_nano.a(lib_a-nano-svfprintf.o)
                0x000000000800ed20                _svfiprintf_r
                0x000000000800ed20                _svfprintf_r
 .text._read_r  0x000000000800ef20       0x24 d:/st/stm32cubeide_1.7.0/stm32cubeide/plugins/com.st.stm32cube.ide.mcu.externaltools.gnu-tools-for-stm32.9-2020-q2-update.win32_2.0.0.202105311346/tools/bin/../lib/gcc/arm-none-eabi/9.3.1/../../../../arm-none-eabi/lib/thumb/v7e-m+fp/hard\libc_nano.a(lib_a-readr.o)
                0x000000000800ef20                _read_r
 .text._raise_r
                0x000000000800ef44       0x50 d:/st/stm32cubeide_1.7.0/stm32cubeide/plugins/com.st.stm32cube.ide.mcu.externaltools.gnu-tools-for-stm32.9-2020-q2-update.win32_2.0.0.202105311346/tools/bin/../lib/gcc/arm-none-eabi/9.3.1/../../../../arm-none-eabi/lib/thumb/v7e-m+fp/hard\libc_nano.a(lib_a-signal.o)
                0x000000000800ef44                _raise_r
 .text.raise    0x000000000800ef94       0x10 d:/st/stm32cubeide_1.7.0/stm32cubeide/plugins/com.st.stm32cube.ide.mcu.externaltools.gnu-tools-for-stm32.9-2020-q2-update.win32_2.0.0.202105311346/tools/bin/../lib/gcc/arm-none-eabi/9.3.1/../../../../arm-none-eabi/lib/thumb/v7e-m+fp/hard\libc_nano.a(lib_a-signal.o)
                0x000000000800ef94                raise
 .text._kill_r  0x000000000800efa4       0x24 d:/st/stm32cubeide_1.7.0/stm32cubeide/plugins/com.st.stm32cube.ide.mcu.externaltools.gnu-tools-for-stm32.9-2020-q2-update.win32_2.0.0.202105311346/tools/bin/../lib/gcc/arm-none-eabi/9.3.1/../../../../arm-none-eabi/lib/thumb/v7e-m+fp/hard\libc_nano.a(lib_a-signalr.o)
                0x000000000800efa4                _kill_r
 .text._getpid_r
                0x000000000800efc8        0x4 d:/st/stm32cubeide_1.7.0/stm32cubeide/plugins/com.st.stm32cube.ide.mcu.externaltools.gnu-tools-for-stm32.9-2020-q2-update.win32_2.0.0.202105311346/tools/bin/../lib/gcc/arm-none-eabi/9.3.1/../../../../arm-none-eabi/lib/thumb/v7e-m+fp/hard\libc_nano.a(lib_a-signalr.o)
                0x000000000800efc8                _getpid_r
 .text._fstat_r
                0x000000000800efcc       0x24 d:/st/stm32cubeide_1.7.0/stm32cubeide/plugins/com.st.stm32cube.ide.mcu.externaltools.gnu-tools-for-stm32.9-2020-q2-update.win32_2.0.0.202105311346/tools/bin/../lib/gcc/arm-none-eabi/9.3.1/../../../../arm-none-eabi/lib/thumb/v7e-m+fp/hard\libc_nano.a(lib_a-fstatr.o)
                0x000000000800efcc                _fstat_r
 .text._isatty_r
                0x000000000800eff0       0x20 d:/st/stm32cubeide_1.7.0/stm32cubeide/plugins/com.st.stm32cube.ide.mcu.externaltools.gnu-tools-for-stm32.9-2020-q2-update.win32_2.0.0.202105311346/tools/bin/../lib/gcc/arm-none-eabi/9.3.1/../../../../arm-none-eabi/lib/thumb/v7e-m+fp/hard\libc_nano.a(lib_a-isattyr.o)
                0x000000000800eff0                _isatty_r
 .text.__ascii_mbtowc