ssd1306.c:8:6:ssd1306_Reset	4	static
ssd1306.c:13:6:ssd1306_WriteCommand	32	static
ssd1306.c:18:6:ssd1306_WriteData	32	static
ssd1306.c:63:17:ssd1306_FillBuffer	24	static
ssd1306.c:73:6:ssd1306_Init	8	static
ssd1306.c:175:6:ssd1306_Fill	24	static
ssd1306.c:186:6:ssd1306_UpdateScreen	16	static
ssd1306.c:205:6:ssd1306_DrawPixel	16	static
ssd1306.c:223:6:ssd1306_WriteChar	48	static
ssd1306.c:258:6:ssd1306_WriteString	24	static
ssd1306.c:275:6:ssd1306_SetCursor	16	static
ssd1306.c:281:6:ssd1306_Line	48	static
ssd1306.c:317:6:ssd1306_Polyline	40	static
ssd1306.c:331:14:ssd1306_DegToRad	16	static
ssd1306.c:335:17:ssd1306_NormalizeTo0_360	24	static
ssd1306.c:352:6:ssd1306_DrawArc	56	static
ssd1306.c:389:6:ssd1306_DrawCircle	40	static
ssd1306.c:434:6:ssd1306_DrawRectangle	32	static
ssd1306.c:445:6:ssd1306_DrawBitmap	24	static
ssd1306.c:467:6:ssd1306_SetContrast	24	static
ssd1306.c:473:6:ssd1306_SetDisplayOn	24	static
ssd1306.c:485:9:ssd1306_GetDisplayOn	4	static
